Archive member included to satisfy reference by file (symbol)

c:/users/owenc/.eclipse/com.st.stm32cube.ide.mcu.rcp.product_1.11.2_353793806_win32_win32_x86_64/plugins/com.st.stm32cube.ide.mcu.externaltools.gnu-tools-for-stm32.10.3-2021.10.win32_1.0.200.202301161003/tools/bin/../lib/gcc/arm-none-eabi/10.3.1/../../../../arm-none-eabi/lib/thumb/v7e-m+fp/hard\libc_nano.a(lib_a-errno.o)
                              ./Core/Src/syscalls.o (__errno)
c:/users/owenc/.eclipse/com.st.stm32cube.ide.mcu.rcp.product_1.11.2_353793806_win32_win32_x86_64/plugins/com.st.stm32cube.ide.mcu.externaltools.gnu-tools-for-stm32.10.3-2021.10.win32_1.0.200.202301161003/tools/bin/../lib/gcc/arm-none-eabi/10.3.1/../../../../arm-none-eabi/lib/thumb/v7e-m+fp/hard\libc_nano.a(lib_a-exit.o)
                              c:/users/owenc/.eclipse/com.st.stm32cube.ide.mcu.rcp.product_1.11.2_353793806_win32_win32_x86_64/plugins/com.st.stm32cube.ide.mcu.externaltools.gnu-tools-for-stm32.10.3-2021.10.win32_1.0.200.202301161003/tools/bin/../lib/gcc/arm-none-eabi/10.3.1/../../../../arm-none-eabi/lib/thumb/v7e-m+fp/hard/crt0.o (exit)
c:/users/owenc/.eclipse/com.st.stm32cube.ide.mcu.rcp.product_1.11.2_353793806_win32_win32_x86_64/plugins/com.st.stm32cube.ide.mcu.externaltools.gnu-tools-for-stm32.10.3-2021.10.win32_1.0.200.202301161003/tools/bin/../lib/gcc/arm-none-eabi/10.3.1/../../../../arm-none-eabi/lib/thumb/v7e-m+fp/hard\libc_nano.a(lib_a-impure.o)
                              c:/users/owenc/.eclipse/com.st.stm32cube.ide.mcu.rcp.product_1.11.2_353793806_win32_win32_x86_64/plugins/com.st.stm32cube.ide.mcu.externaltools.gnu-tools-for-stm32.10.3-2021.10.win32_1.0.200.202301161003/tools/bin/../lib/gcc/arm-none-eabi/10.3.1/../../../../arm-none-eabi/lib/thumb/v7e-m+fp/hard\libc_nano.a(lib_a-exit.o) (_global_impure_ptr)
c:/users/owenc/.eclipse/com.st.stm32cube.ide.mcu.rcp.product_1.11.2_353793806_win32_win32_x86_64/plugins/com.st.stm32cube.ide.mcu.externaltools.gnu-tools-for-stm32.10.3-2021.10.win32_1.0.200.202301161003/tools/bin/../lib/gcc/arm-none-eabi/10.3.1/../../../../arm-none-eabi/lib/thumb/v7e-m+fp/hard\libc_nano.a(lib_a-init.o)
                              c:/users/owenc/.eclipse/com.st.stm32cube.ide.mcu.rcp.product_1.11.2_353793806_win32_win32_x86_64/plugins/com.st.stm32cube.ide.mcu.externaltools.gnu-tools-for-stm32.10.3-2021.10.win32_1.0.200.202301161003/tools/bin/../lib/gcc/arm-none-eabi/10.3.1/../../../../arm-none-eabi/lib/thumb/v7e-m+fp/hard/crt0.o (__libc_init_array)
c:/users/owenc/.eclipse/com.st.stm32cube.ide.mcu.rcp.product_1.11.2_353793806_win32_win32_x86_64/plugins/com.st.stm32cube.ide.mcu.externaltools.gnu-tools-for-stm32.10.3-2021.10.win32_1.0.200.202301161003/tools/bin/../lib/gcc/arm-none-eabi/10.3.1/../../../../arm-none-eabi/lib/thumb/v7e-m+fp/hard\libc_nano.a(lib_a-memset.o)
                              c:/users/owenc/.eclipse/com.st.stm32cube.ide.mcu.rcp.product_1.11.2_353793806_win32_win32_x86_64/plugins/com.st.stm32cube.ide.mcu.externaltools.gnu-tools-for-stm32.10.3-2021.10.win32_1.0.200.202301161003/tools/bin/../lib/gcc/arm-none-eabi/10.3.1/../../../../arm-none-eabi/lib/thumb/v7e-m+fp/hard/crt0.o (memset)
c:/users/owenc/.eclipse/com.st.stm32cube.ide.mcu.rcp.product_1.11.2_353793806_win32_win32_x86_64/plugins/com.st.stm32cube.ide.mcu.externaltools.gnu-tools-for-stm32.10.3-2021.10.win32_1.0.200.202301161003/tools/bin/../lib/gcc/arm-none-eabi/10.3.1/thumb/v7e-m+fp/hard\libgcc.a(_arm_muldf3.o)
                              ./Core/Src/main.o (__aeabi_dmul)
c:/users/owenc/.eclipse/com.st.stm32cube.ide.mcu.rcp.product_1.11.2_353793806_win32_win32_x86_64/plugins/com.st.stm32cube.ide.mcu.externaltools.gnu-tools-for-stm32.10.3-2021.10.win32_1.0.200.202301161003/tools/bin/../lib/gcc/arm-none-eabi/10.3.1/thumb/v7e-m+fp/hard\libgcc.a(_arm_addsubdf3.o)
                              ./Core/Src/main.o (__aeabi_dsub)
c:/users/owenc/.eclipse/com.st.stm32cube.ide.mcu.rcp.product_1.11.2_353793806_win32_win32_x86_64/plugins/com.st.stm32cube.ide.mcu.externaltools.gnu-tools-for-stm32.10.3-2021.10.win32_1.0.200.202301161003/tools/bin/../lib/gcc/arm-none-eabi/10.3.1/thumb/v7e-m+fp/hard\libgcc.a(_arm_muldivdf3.o)
                              ./Core/Src/main.o (__aeabi_ddiv)
c:/users/owenc/.eclipse/com.st.stm32cube.ide.mcu.rcp.product_1.11.2_353793806_win32_win32_x86_64/plugins/com.st.stm32cube.ide.mcu.externaltools.gnu-tools-for-stm32.10.3-2021.10.win32_1.0.200.202301161003/tools/bin/../lib/gcc/arm-none-eabi/10.3.1/thumb/v7e-m+fp/hard\libgcc.a(_arm_truncdfsf2.o)
                              ./Core/Src/main.o (__aeabi_d2f)

Discarded input sections

 .text          0x0000000000000000        0x0 c:/users/owenc/.eclipse/com.st.stm32cube.ide.mcu.rcp.product_1.11.2_353793806_win32_win32_x86_64/plugins/com.st.stm32cube.ide.mcu.externaltools.gnu-tools-for-stm32.10.3-2021.10.win32_1.0.200.202301161003/tools/bin/../lib/gcc/arm-none-eabi/10.3.1/thumb/v7e-m+fp/hard/crti.o
[...]
Memory Configuration

Name             Origin             Length             Attributes
FLASH            0x0000000008000000 0x0000000000080000 xr
RAM1             0x0000000020000008 0x000000000002fff8 xrw
RAM_SHARED       0x0000000020030000 0x0000000000002800 xrw
*default*        0x0000000000000000 0xffffffffffffffff

Linker script and memory map

LOAD c:/users/owenc/.eclipse/com.st.stm32cube.ide.mcu.rcp.product_1.11.2_353793806_win32_win32_x86_64/plugins/com.st.stm32cube.ide.mcu.externaltools.gnu-tools-for-stm32.10.3-2021.10.win32_1.0.200.202301161003/tools/bin/../lib/gcc/arm-none-eabi/10.3.1/thumb/v7e-m+fp/hard/crti.o
LOAD c:/users/owenc/.eclipse/com.st.stm32cube.ide.mcu.rcp.product_1.11.2_353793806_win32_win32_x86_64/plugins/com.st.stm32cube.ide.mcu.externaltools.gnu-tools-for-stm32.10.3-2021.10.win32_1.0.200.202301161003/tools/bin/../lib/gcc/arm-none-eabi/10.3.1/thumb/v7e-m+fp/hard/crtbegin.o
LOAD c:/users/owenc/.eclipse/com.st.stm32cube.ide.mcu.rcp.product_1.11.2_353793806_win32_win32_x86_64/plugins/com.st.stm32cube.ide.mcu.externaltools.gnu-tools-for-stm32.10.3-2021.10.win32_1.0.200.202301161003/tools/bin/../lib/gcc/arm-none-eabi/10.3.1/../../../../arm-none-eabi/lib/thumb/v7e-m+fp/hard/crt0.o
LOAD ./Core/Src/main.o
LOAD ./Core/Src/stm32wbxx_hal_msp.o
LOAD ./Core/Src/stm32wbxx_it.o
LOAD ./Core/Src/syscalls.o
LOAD ./Core/Src/sysmem.o
LOAD ./Core/Src/system_stm32wbxx.o
LOAD ./Core/Startup/startup_stm32wb55rgvx.o
LOAD ./Drivers/STM32WBxx_HAL_Driver/Src/stm32wbxx_hal.o
LOAD ./Drivers/STM32WBxx_HAL_Driver/Src/stm32wbxx_hal_adc.o
LOAD ./Drivers/STM32WBxx_HAL_Driver/Src/stm32wbxx_hal_adc_ex.o
LOAD ./Drivers/STM32WBxx_HAL_Driver/Src/stm32wbxx_hal_cortex.o
LOAD ./Drivers/STM32WBxx_HAL_Driver/Src/stm32wbxx_hal_dma.o
LOAD ./Drivers/STM32WBxx_HAL_Driver/Src/stm32wbxx_hal_dma_ex.o
LOAD ./Drivers/STM32WBxx_HAL_Driver/Src/stm32wbxx_hal_exti.o
LOAD ./Drivers/STM32WBxx_HAL_Driver/Src/stm32wbxx_hal_flash.o
LOAD ./Drivers/STM32WBxx_HAL_Driver/Src/stm32wbxx_hal_flash_ex.o
LOAD ./Drivers/STM32WBxx_HAL_Driver/Src/stm32wbxx_hal_gpio.o
LOAD ./Drivers/STM32WBxx_HAL_Driver/Src/stm32wbxx_hal_hsem.o
LOAD ./Drivers/STM32WBxx_HAL_Driver/Src/stm32wbxx_hal_pwr.o
LOAD ./Drivers/STM32WBxx_HAL_Driver/Src/stm32wbxx_hal_pwr_ex.o
LOAD ./Drivers/STM32WBxx_HAL_Driver/Src/stm32wbxx_hal_rcc.o
LOAD ./Drivers/STM32WBxx_HAL_Driver/Src/stm32wbxx_hal_rcc_ex.o
LOAD ./Drivers/STM32WBxx_HAL_Driver/Src/stm32wbxx_hal_tim.o
LOAD ./Drivers/STM32WBxx_HAL_Driver/Src/stm32wbxx_hal_tim_ex.o
LOAD ./Drivers/STM32WBxx_HAL_Driver/Src/stm32wbxx_ll_adc.o
LOAD ./Drivers/STM32WBxx_HAL_Driver/Src/stm32wbxx_ll_rcc.o
START GROUP
LOAD c:/users/owenc/.eclipse/com.st.stm32cube.ide.mcu.rcp.product_1.11.2_353793806_win32_win32_x86_64/plugins/com.st.stm32cube.ide.mcu.externaltools.gnu-tools-for-stm32.10.3-2021.10.win32_1.0.200.202301161003/tools/bin/../lib/gcc/arm-none-eabi/10.3.1/../../../../arm-none-eabi/lib/thumb/v7e-m+fp/hard\libc_nano.a
LOAD c:/users/owenc/.eclipse/com.st.stm32cube.ide.mcu.rcp.product_1.11.2_353793806_win32_win32_x86_64/plugins/com.st.stm32cube.ide.mcu.externaltools.gnu-tools-for-stm32.10.3-2021.10.win32_1.0.200.202301161003/tools/bin/../lib/gcc/arm-none-eabi/10.3.1/../../../../arm-none-eabi/lib/thumb/v7e-m+fp/hard\libm.a
END GROUP
START GROUP
LOAD c:/users/owenc/.eclipse/com.st.stm32cube.ide.mcu.rcp.product_1.11.2_353793806_win32_win32_x86_64/plugins/com.st.stm32cube.ide.mcu.externaltools.gnu-tools-for-stm32.10.3-2021.10.win32_1.0.200.202301161003/tools/bin/../lib/gcc/arm-none-eabi/10.3.1/thumb/v7e-m+fp/hard\libgcc.a
LOAD c:/users/owenc/.eclipse/com.st.stm32cube.ide.mcu.rcp.product_1.11.2_353793806_win32_win32_x86_64/plugins/com.st.stm32cube.ide.mcu.externaltools.gnu-tools-for-stm32.10.3-2021.10.win32_1.0.200.202301161003/tools/bin/../lib/gcc/arm-none-eabi/10.3.1/../../../../arm-none-eabi/lib/thumb/v7e-m+fp/hard\libc_nano.a
END GROUP
START GROUP
LOAD c:/users/owenc/.eclipse/com.st.stm32cube.ide.mcu.rcp.product_1.11.2_353793806_win32_win32_x86_64/plugins/com.st.stm32cube.ide.mcu.externaltools.gnu-tools-for-stm32.10.3-2021.10.win32_1.0.200.202301161003/tools/bin/../lib/gcc/arm-none-eabi/10.3.1/thumb/v7e-m+fp/hard\libgcc.a
LOAD c:/users/owenc/.eclipse/com.st.stm32cube.ide.mcu.rcp.product_1.11.2_353793806_win32_win32_x86_64/plugins/com.st.stm32cube.ide.mcu.externaltools.gnu-tools-for-stm32.10.3-2021.10.win32_1.0.200.202301161003/tools/bin/../lib/gcc/arm-none-eabi/10.3.1/../../../../arm-none-eabi/lib/thumb/v7e-m+fp/hard\libc_nano.a
LOAD c:/users/owenc/.eclipse/com.st.stm32cube.ide.mcu.rcp.product_1.11.2_353793806_win32_win32_x86_64/plugins/com.st.stm32cube.ide.mcu.externaltools.gnu-tools-for-stm32.10.3-2021.10.win32_1.0.200.202301161003/tools/bin/../lib/gcc/arm-none-eabi/10.3.1/../../../../arm-none-eabi/lib/thumb/v7e-m+fp/hard\libnosys.a
END GROUP
START GROUP
LOAD c:/users/owenc/.eclipse/com.st.stm32cube.ide.mcu.rcp.product_1.11.2_353793806_win32_win32_x86_64/plugins/com.st.stm32cube.ide.mcu.externaltools.gnu-tools-for-stm32.10.3-2021.10.win32_1.0.200.202301161003/tools/bin/../lib/gcc/arm-none-eabi/10.3.1/thumb/v7e-m+fp/hard\libgcc.a
LOAD c:/users/owenc/.eclipse/com.st.stm32cube.ide.mcu.rcp.product_1.11.2_353793806_win32_win32_x86_64/plugins/com.st.stm32cube.ide.mcu.externaltools.gnu-tools-for-stm32.10.3-2021.10.win32_1.0.200.202301161003/tools/bin/../lib/gcc/arm-none-eabi/10.3.1/../../../../arm-none-eabi/lib/thumb/v7e-m+fp/hard\libc_nano.a
LOAD c:/users/owenc/.eclipse/com.st.stm32cube.ide.mcu.rcp.product_1.11.2_353793806_win32_win32_x86_64/plugins/com.st.stm32cube.ide.mcu.externaltools.gnu-tools-for-stm32.10.3-2021.10.win32_1.0.200.202301161003/tools/bin/../lib/gcc/arm-none-eabi/10.3.1/../../../../arm-none-eabi/lib/thumb/v7e-m+fp/hard\libnosys.a
END GROUP
LOAD c:/users/owenc/.eclipse/com.st.stm32cube.ide.mcu.rcp.product_1.11.2_353793806_win32_win32_x86_64/plugins/com.st.stm32cube.ide.mcu.externaltools.gnu-tools-for-stm32.10.3-2021.10.win32_1.0.200.202301161003/tools/bin/../lib/gcc/arm-none-eabi/10.3.1/thumb/v7e-m+fp/hard/crtend.o
LOAD c:/users/owenc/.eclipse/com.st.stm32cube.ide.mcu.rcp.product_1.11.2_353793806_win32_win32_x86_64/plugins/com.st.stm32cube.ide.mcu.externaltools.gnu-tools-for-stm32.10.3-2021.10.win32_1.0.200.202301161003/tools/bin/../lib/gcc/arm-none-eabi/10.3.1/thumb/v7e-m+fp/hard/crtn.o
                0x0000000020030000                _estack = (ORIGIN (RAM1) + LENGTH (RAM1))
                0x0000000000000200                _Min_Heap_Size = 0x200
                0x0000000000000400                _Min_Stack_Size = 0x400

.isr_vector     0x0000000008000000      0x13c
                0x0000000008000000                . = ALIGN (0x4)
 *(.isr_vector)
 .isr_vector    0x0000000008000000      0x13c ./Core/Startup/startup_stm32wb55rgvx.o
                0x0000000008000000                g_pfnVectors
                0x000000000800013c                . = ALIGN (0x4)

.text           0x0000000008000140     0x5f70
                0x0000000008000140                . = ALIGN (0x4)
 *(.text)
 .text          0x0000000008000140       0x40 c:/users/owenc/.eclipse/com.st.stm32cube.ide.mcu.rcp.product_1.11.2_353793806_win32_win32_x86_64/plugins/com.st.stm32cube.ide.mcu.externaltools.gnu-tools-for-stm32.10.3-2021.10.win32_1.0.200.202301161003/tools/bin/../lib/gcc/arm-none-eabi/10.3.1/thumb/v7e-m+fp/hard/crtbegin.o
 .text          0x0000000008000180      0x378 c:/users/owenc/.eclipse/com.st.stm32cube.ide.mcu.rcp.product_1.11.2_353793806_win32_win32_x86_64/plugins/com.st.stm32cube.ide.mcu.externaltools.gnu-tools-for-stm32.10.3-2021.10.win32_1.0.200.202301161003/tools/bin/../lib/gcc/arm-none-eabi/10.3.1/thumb/v7e-m+fp/hard\libgcc.a(_arm_addsubdf3.o)
                0x0000000008000180                __aeabi_drsub
                0x0000000008000188                __aeabi_dsub
                0x0000000008000188                __subdf3
                0x000000000800018c                __aeabi_dadd
                0x000000000800018c                __adddf3
                0x0000000008000404                __floatunsidf
                0x0000000008000404                __aeabi_ui2d
                0x0000000008000424                __floatsidf
                0x0000000008000424                __aeabi_i2d
                0x0000000008000448                __aeabi_f2d
                0x0000000008000448                __extendsfdf2
                0x000000000800048c                __floatundidf
                0x000000000800048c                __aeabi_ul2d
                0x000000000800049c                __floatdidf
                0x000000000800049c                __aeabi_l2d
 .text          0x00000000080004f8      0x424 c:/users/owenc/.eclipse/com.st.stm32cube.ide.mcu.rcp.product_1.11.2_353793806_win32_win32_x86_64/plugins/com.st.stm32cube.ide.mcu.externaltools.gnu-tools-for-stm32.10.3-2021.10.win32_1.0.200.202301161003/tools/bin/../lib/gcc/arm-none-eabi/10.3.1/thumb/v7e-m+fp/hard\libgcc.a(_arm_muldivdf3.o)
                0x00000000080004f8                __aeabi_dmul
                0x00000000080004f8                __muldf3
                0x000000000800074c                __divdf3
                0x000000000800074c                __aeabi_ddiv
 .text          0x000000000800091c       0xa0 c:/users/owenc/.eclipse/com.st.stm32cube.ide.mcu.rcp.product_1.11.2_353793806_win32_win32_x86_64/plugins/com.st.stm32cube.ide.mcu.externaltools.gnu-tools-for-stm32.10.3-2021.10.win32_1.0.200.202301161003/tools/bin/../lib/gcc/arm-none-eabi/10.3.1/thumb/v7e-m+fp/hard\libgcc.a(_arm_truncdfsf2.o)
                0x000000000800091c                __truncdfsf2
                0x000000000800091c                __aeabi_d2f
 *(.text*)
 .text.LL_AHB1_GRP1_EnableClock
                0x00000000080009bc       0x32 ./Core/Src/main.o
 .text.LL_AHB2_GRP1_EnableClock
                0x00000000080009ee       0x32 ./Core/Src/main.o
 .text.main     0x0000000008000a20       0x50 ./Core/Src/main.o
                0x0000000008000a20                main
 .text.SystemClock_Config
                0x0000000008000a70       0xd4 ./Core/Src/main.o
                0x0000000008000a70                SystemClock_Config
 .text.PeriphCommonClock_Config
                0x0000000008000b44       0x3a ./Core/Src/main.o
                0x0000000008000b44                PeriphCommonClock_Config
 *fill*         0x0000000008000b7e        0x2 
 .text.MX_ADC1_Init
                0x0000000008000b80      0x140 ./Core/Src/main.o
 .text.MX_TIM2_Init
                0x0000000008000cc0       0xec ./Core/Src/main.o
 .text.MX_DMA_Init
                0x0000000008000dac       0x24 ./Core/Src/main.o
 .text.MX_GPIO_Init
                0x0000000008000dd0       0x50 ./Core/Src/main.o
 .text.HAL_ADC_ConvHalfCpltCallback
                0x0000000008000e20      0x1cc ./Core/Src/main.o
                0x0000000008000e20                HAL_ADC_ConvHalfCpltCallback
 .text.HAL_ADC_ConvCpltCallback
                0x0000000008000fec       0x20 ./Core/Src/main.o
                0x0000000008000fec                HAL_ADC_ConvCpltCallback
 .text.Error_Handler
                0x000000000800100c        0xa ./Core/Src/main.o
                0x000000000800100c                Error_Handler
 .text.LL_AHB2_GRP1_EnableClock
                0x0000000008001016       0x32 ./Core/Src/stm32wbxx_hal_msp.o
 .text.LL_APB1_GRP1_EnableClock
                0x0000000008001048       0x32 ./Core/Src/stm32wbxx_hal_msp.o
 .text.HAL_MspInit
                0x000000000800107a        0xe ./Core/Src/stm32wbxx_hal_msp.o
                0x000000000800107a                HAL_MspInit
 .text.HAL_ADC_MspInit
                0x0000000008001088      0x110 ./Core/Src/stm32wbxx_hal_msp.o
                0x0000000008001088                HAL_ADC_MspInit
 .text.HAL_TIM_Base_MspInit
                0x0000000008001198       0x20 ./Core/Src/stm32wbxx_hal_msp.o
                0x0000000008001198                HAL_TIM_Base_MspInit
 .text.HAL_TIM_MspPostInit
                0x00000000080011b8       0x52 ./Core/Src/stm32wbxx_hal_msp.o
                0x00000000080011b8                HAL_TIM_MspPostInit
 .text.NMI_Handler
                0x000000000800120a        0x6 ./Core/Src/stm32wbxx_it.o
                0x000000000800120a                NMI_Handler
 .text.HardFault_Handler
                0x0000000008001210        0x6 ./Core/Src/stm32wbxx_it.o
                0x0000000008001210                HardFault_Handler
 .text.MemManage_Handler
                0x0000000008001216        0x6 ./Core/Src/stm32wbxx_it.o
                0x0000000008001216                MemManage_Handler
 .text.BusFault_Handler
                0x000000000800121c        0x6 ./Core/Src/stm32wbxx_it.o
                0x000000000800121c                BusFault_Handler
 .text.UsageFault_Handler
                0x0000000008001222        0x6 ./Core/Src/stm32wbxx_it.o
                0x0000000008001222                UsageFault_Handler
 .text.SVC_Handler
                0x0000000008001228        0xe ./Core/Src/stm32wbxx_it.o
                0x0000000008001228                SVC_Handler
 .text.DebugMon_Handler
                0x0000000008001236        0xe ./Core/Src/stm32wbxx_it.o
                0x0000000008001236                DebugMon_Handler
 .text.PendSV_Handler
                0x0000000008001244        0xe ./Core/Src/stm32wbxx_it.o
                0x0000000008001244                PendSV_Handler
 .text.SysTick_Handler
                0x0000000008001252        0xc ./Core/Src/stm32wbxx_it.o
                0x0000000008001252                SysTick_Handler
 *fill*         0x000000000800125e        0x2 
 .text.DMA1_Channel1_IRQHandler
                0x0000000008001260       0x14 ./Core/Src/stm32wbxx_it.o
                0x0000000008001260                DMA1_Channel1_IRQHandler
 .text.ADC1_IRQHandler
                0x0000000008001274       0x14 ./Core/Src/stm32wbxx_it.o
                0x0000000008001274                ADC1_IRQHandler
 .text.SystemInit
                0x0000000008001288       0xa4 ./Core/Src/system_stm32wbxx.o
                0x0000000008001288                SystemInit
 .text.data_initializers
                0x000000000800132c       0x18 ./Core/Startup/startup_stm32wb55rgvx.o
 .text.Reset_Handler
                0x0000000008001344       0x58 ./Core/Startup/startup_stm32wb55rgvx.o
                0x0000000008001344                Reset_Handler
 .text.Default_Handler
                0x000000000800139c        0x2 ./Core/Startup/startup_stm32wb55rgvx.o
                0x000000000800139c                RTC_Alarm_IRQHandler
                0x000000000800139c                EXTI2_IRQHandler
                0x000000000800139c                TIM1_CC_IRQHandler
                0x000000000800139c                TSC_IRQHandler
                0x000000000800139c                USB_HP_IRQHandler
                0x000000000800139c                EXTI3_IRQHandler
                0x000000000800139c                LPTIM2_IRQHandler
                0x000000000800139c                I2C3_ER_IRQHandler
                0x000000000800139c                EXTI0_IRQHandler
                0x000000000800139c                FPU_IRQHandler
                0x000000000800139c                TIM1_UP_TIM16_IRQHandler
                0x000000000800139c                AES1_IRQHandler
                0x000000000800139c                SPI1_IRQHandler
                0x000000000800139c                PWR_SOTF_BLEACT_802ACT_RFPHASE_IRQHandler
                0x000000000800139c                DMA2_Channel2_IRQHandler
                0x000000000800139c                DMA1_Channel4_IRQHandler
                0x000000000800139c                PKA_IRQHandler
                0x000000000800139c                DMA1_Channel7_IRQHandler
                0x000000000800139c                LCD_IRQHandler
                0x000000000800139c                IPCC_C1_TX_IRQHandler
                0x000000000800139c                DMA2_Channel1_IRQHandler
                0x000000000800139c                QUADSPI_IRQHandler
                0x000000000800139c                I2C1_EV_IRQHandler
                0x000000000800139c                DMAMUX1_OVR_IRQHandler
                0x000000000800139c                DMA1_Channel6_IRQHandler
                0x000000000800139c                DMA2_Channel4_IRQHandler
                0x000000000800139c                RCC_IRQHandler
                0x000000000800139c                Default_Handler
                0x000000000800139c                DMA2_Channel7_IRQHandler
                0x000000000800139c                EXTI15_10_IRQHandler
                0x000000000800139c                IPCC_C1_RX_IRQHandler
                0x000000000800139c                C2SEV_PWR_C2H_IRQHandler
                0x000000000800139c                AES2_IRQHandler
                0x000000000800139c                I2C3_EV_IRQHandler
                0x000000000800139c                EXTI9_5_IRQHandler
                0x000000000800139c                RTC_WKUP_IRQHandler
                0x000000000800139c                PVD_PVM_IRQHandler
                0x000000000800139c                SPI2_IRQHandler
                0x000000000800139c                DMA2_Channel5_IRQHandler
                0x000000000800139c                CRS_IRQHandler
                0x000000000800139c                DMA1_Channel5_IRQHandler
                0x000000000800139c                USB_LP_IRQHandler
                0x000000000800139c                EXTI4_IRQHandler
                0x000000000800139c                RNG_IRQHandler
                0x000000000800139c                TIM1_TRG_COM_TIM17_IRQHandler
                0x000000000800139c                TAMP_STAMP_LSECSS_IRQHandler
                0x000000000800139c                DMA1_Channel3_IRQHandler
                0x000000000800139c                COMP_IRQHandler
                0x000000000800139c                HSEM_IRQHandler
                0x000000000800139c                WWDG_IRQHandler
                0x000000000800139c                LPUART1_IRQHandler
                0x000000000800139c                DMA2_Channel6_IRQHandler
                0x000000000800139c                TIM2_IRQHandler
                0x000000000800139c                TIM1_BRK_IRQHandler
                0x000000000800139c                EXTI1_IRQHandler
                0x000000000800139c                DMA1_Channel2_IRQHandler
                0x000000000800139c                FLASH_IRQHandler
                0x000000000800139c                USART1_IRQHandler
                0x000000000800139c                I2C1_ER_IRQHandler
                0x000000000800139c                LPTIM1_IRQHandler
                0x000000000800139c                SAI1_IRQHandler
                0x000000000800139c                DMA2_Channel3_IRQHandler
 *fill*         0x000000000800139e        0x2 
 .text.HAL_Init
                0x00000000080013a0       0x40 ./Drivers/STM32WBxx_HAL_Driver/Src/stm32wbxx_hal.o
                0x00000000080013a0                HAL_Init
 .text.HAL_InitTick
                0x00000000080013e0       0x74 ./Drivers/STM32WBxx_HAL_Driver/Src/stm32wbxx_hal.o
                0x00000000080013e0                HAL_InitTick
 .text.HAL_IncTick
                0x0000000008001454       0x28 ./Drivers/STM32WBxx_HAL_Driver/Src/stm32wbxx_hal.o
                0x0000000008001454                HAL_IncTick
 .text.HAL_GetTick
                0x000000000800147c       0x18 ./Drivers/STM32WBxx_HAL_Driver/Src/stm32wbxx_hal.o
                0x000000000800147c                HAL_GetTick
 .text.HAL_GetTickPrio
                0x0000000008001494       0x18 ./Drivers/STM32WBxx_HAL_Driver/Src/stm32wbxx_hal.o
                0x0000000008001494                HAL_GetTickPrio
 .text.HAL_Delay
                0x00000000080014ac       0x48 ./Drivers/STM32WBxx_HAL_Driver/Src/stm32wbxx_hal.o
                0x00000000080014ac                HAL_Delay
 .text.LL_ADC_SetCommonClock
                0x00000000080014f4       0x26 ./Drivers/STM32WBxx_HAL_Driver/Src/stm32wbxx_hal_adc.o
 .text.LL_ADC_SetCommonPathInternalCh
                0x000000000800151a       0x26 ./Drivers/STM32WBxx_HAL_Driver/Src/stm32wbxx_hal_adc.o
 .text.LL_ADC_GetCommonPathInternalCh
                0x0000000008001540       0x1c ./Drivers/STM32WBxx_HAL_Driver/Src/stm32wbxx_hal_adc.o
 .text.LL_ADC_SetOffset
                0x000000000800155c       0x48 ./Drivers/STM32WBxx_HAL_Driver/Src/stm32wbxx_hal_adc.o
 .text.LL_ADC_GetOffsetChannel
                0x00000000080015a4       0x2c ./Drivers/STM32WBxx_HAL_Driver/Src/stm32wbxx_hal_adc.o
 .text.LL_ADC_SetOffsetState
                0x00000000080015d0       0x36 ./Drivers/STM32WBxx_HAL_Driver/Src/stm32wbxx_hal_adc.o
 .text.LL_ADC_REG_IsTriggerSourceSWStart
                0x0000000008001606       0x26 ./Drivers/STM32WBxx_HAL_Driver/Src/stm32wbxx_hal_adc.o
 .text.LL_ADC_REG_SetSequencerRanks
                0x000000000800162c       0x58 ./Drivers/STM32WBxx_HAL_Driver/Src/stm32wbxx_hal_adc.o
 .text.LL_ADC_REG_GetDMATransfer
                0x0000000008001684       0x1c ./Drivers/STM32WBxx_HAL_Driver/Src/stm32wbxx_hal_adc.o
 .text.LL_ADC_INJ_IsTriggerSourceSWStart
                0x00000000080016a0       0x26 ./Drivers/STM32WBxx_HAL_Driver/Src/stm32wbxx_hal_adc.o
 .text.LL_ADC_SetChannelSamplingTime
                0x00000000080016c6       0x56 ./Drivers/STM32WBxx_HAL_Driver/Src/stm32wbxx_hal_adc.o
 .text.LL_ADC_SetChannelSingleDiff
                0x000000000800171c       0x48 ./Drivers/STM32WBxx_HAL_Driver/Src/stm32wbxx_hal_adc.o
 .text.LL_ADC_DisableDeepPowerDown
                0x0000000008001764       0x24 ./Drivers/STM32WBxx_HAL_Driver/Src/stm32wbxx_hal_adc.o
 .text.LL_ADC_IsDeepPowerDownEnabled
                0x0000000008001788       0x28 ./Drivers/STM32WBxx_HAL_Driver/Src/stm32wbxx_hal_adc.o
 .text.LL_ADC_EnableInternalRegulator
                0x00000000080017b0       0x28 ./Drivers/STM32WBxx_HAL_Driver/Src/stm32wbxx_hal_adc.o
 .text.LL_ADC_IsInternalRegulatorEnabled
                0x00000000080017d8       0x28 ./Drivers/STM32WBxx_HAL_Driver/Src/stm32wbxx_hal_adc.o
 .text.LL_ADC_Enable
                0x0000000008001800       0x28 ./Drivers/STM32WBxx_HAL_Driver/Src/stm32wbxx_hal_adc.o
 .text.LL_ADC_Disable
                0x0000000008001828       0x28 ./Drivers/STM32WBxx_HAL_Driver/Src/stm32wbxx_hal_adc.o
 .text.LL_ADC_IsEnabled
                0x0000000008001850       0x26 ./Drivers/STM32WBxx_HAL_Driver/Src/stm32wbxx_hal_adc.o
 .text.LL_ADC_IsDisableOngoing
                0x0000000008001876       0x26 ./Drivers/STM32WBxx_HAL_Driver/Src/stm32wbxx_hal_adc.o
 .text.LL_ADC_REG_StartConversion
                0x000000000800189c       0x28 ./Drivers/STM32WBxx_HAL_Driver/Src/stm32wbxx_hal_adc.o
 .text.LL_ADC_REG_IsConversionOngoing
                0x00000000080018c4       0x26 ./Drivers/STM32WBxx_HAL_Driver/Src/stm32wbxx_hal_adc.o
 .text.LL_ADC_INJ_IsConversionOngoing
                0x00000000080018ea       0x26 ./Drivers/STM32WBxx_HAL_Driver/Src/stm32wbxx_hal_adc.o
 .text.HAL_ADC_Init
                0x0000000008001910      0x298 ./Drivers/STM32WBxx_HAL_Driver/Src/stm32wbxx_hal_adc.o
                0x0000000008001910                HAL_ADC_Init
 .text.HAL_ADC_Start_DMA
                0x0000000008001ba8      0x108 ./Drivers/STM32WBxx_HAL_Driver/Src/stm32wbxx_hal_adc.o
                0x0000000008001ba8                HAL_ADC_Start_DMA
 .text.HAL_ADC_IRQHandler
                0x0000000008001cb0      0x36c ./Drivers/STM32WBxx_HAL_Driver/Src/stm32wbxx_hal_adc.o
                0x0000000008001cb0                HAL_ADC_IRQHandler
 .text.HAL_ADC_LevelOutOfWindowCallback
                0x000000000800201c       0x14 ./Drivers/STM32WBxx_HAL_Driver/Src/stm32wbxx_hal_adc.o
                0x000000000800201c                HAL_ADC_LevelOutOfWindowCallback
 .text.HAL_ADC_ErrorCallback
                0x0000000008002030       0x14 ./Drivers/STM32WBxx_HAL_Driver/Src/stm32wbxx_hal_adc.o
                0x0000000008002030                HAL_ADC_ErrorCallback
 .text.HAL_ADC_ConfigChannel
                0x0000000008002044      0x78c ./Drivers/STM32WBxx_HAL_Driver/Src/stm32wbxx_hal_adc.o
                0x0000000008002044                HAL_ADC_ConfigChannel
 .text.ADC_Enable
                0x00000000080027d0       0xf4 ./Drivers/STM32WBxx_HAL_Driver/Src/stm32wbxx_hal_adc.o
                0x00000000080027d0                ADC_Enable
 .text.ADC_Disable
                0x00000000080028c4       0xbe ./Drivers/STM32WBxx_HAL_Driver/Src/stm32wbxx_hal_adc.o
                0x00000000080028c4                ADC_Disable
 .text.ADC_DMAConvCplt
                0x0000000008002982       0xd8 ./Drivers/STM32WBxx_HAL_Driver/Src/stm32wbxx_hal_adc.o
                0x0000000008002982                ADC_DMAConvCplt
 .text.ADC_DMAHalfConvCplt
                0x0000000008002a5a       0x1c ./Drivers/STM32WBxx_HAL_Driver/Src/stm32wbxx_hal_adc.o
                0x0000000008002a5a                ADC_DMAHalfConvCplt
 .text.ADC_DMAError
                0x0000000008002a76       0x34 ./Drivers/STM32WBxx_HAL_Driver/Src/stm32wbxx_hal_adc.o
                0x0000000008002a76                ADC_DMAError
 .text.LL_ADC_StartCalibration
                0x0000000008002aaa       0x32 ./Drivers/STM32WBxx_HAL_Driver/Src/stm32wbxx_hal_adc_ex.o
 .text.LL_ADC_IsCalibrationOnGoing
                0x0000000008002adc       0x28 ./Drivers/STM32WBxx_HAL_Driver/Src/stm32wbxx_hal_adc_ex.o
 .text.HAL_ADCEx_Calibration_Start
                0x0000000008002b04       0xc4 ./Drivers/STM32WBxx_HAL_Driver/Src/stm32wbxx_hal_adc_ex.o
                0x0000000008002b04                HAL_ADCEx_Calibration_Start
 .text.HAL_ADCEx_InjectedConvCpltCallback
                0x0000000008002bc8       0x14 ./Drivers/STM32WBxx_HAL_Driver/Src/stm32wbxx_hal_adc_ex.o
                0x0000000008002bc8                HAL_ADCEx_InjectedConvCpltCallback
 .text.HAL_ADCEx_InjectedQueueOverflowCallback
                0x0000000008002bdc       0x14 ./Drivers/STM32WBxx_HAL_Driver/Src/stm32wbxx_hal_adc_ex.o
                0x0000000008002bdc                HAL_ADCEx_InjectedQueueOverflowCallback
 .text.HAL_ADCEx_LevelOutOfWindow2Callback
                0x0000000008002bf0       0x14 ./Drivers/STM32WBxx_HAL_Driver/Src/stm32wbxx_hal_adc_ex.o
                0x0000000008002bf0                HAL_ADCEx_LevelOutOfWindow2Callback
 .text.HAL_ADCEx_LevelOutOfWindow3Callback
                0x0000000008002c04       0x14 ./Drivers/STM32WBxx_HAL_Driver/Src/stm32wbxx_hal_adc_ex.o
                0x0000000008002c04                HAL_ADCEx_LevelOutOfWindow3Callback
 .text.HAL_ADCEx_EndOfSamplingCallback
                0x0000000008002c18       0x14 ./Drivers/STM32WBxx_HAL_Driver/Src/stm32wbxx_hal_adc_ex.o
                0x0000000008002c18                HAL_ADCEx_EndOfSamplingCallback
 .text.__NVIC_SetPriorityGrouping
                0x0000000008002c2c       0x48 ./Drivers/STM32WBxx_HAL_Driver/Src/stm32wbxx_hal_cortex.o
 .text.__NVIC_GetPriorityGrouping
                0x0000000008002c74       0x1c ./Drivers/STM32WBxx_HAL_Driver/Src/stm32wbxx_hal_cortex.o
 .text.__NVIC_EnableIRQ
                0x0000000008002c90       0x3c ./Drivers/STM32WBxx_HAL_Driver/Src/stm32wbxx_hal_cortex.o
 .text.__NVIC_SetPriority
                0x0000000008002ccc       0x54 ./Drivers/STM32WBxx_HAL_Driver/Src/stm32wbxx_hal_cortex.o
 .text.NVIC_EncodePriority
                0x0000000008002d20       0x66 ./Drivers/STM32WBxx_HAL_Driver/Src/stm32wbxx_hal_cortex.o
 *fill*         0x0000000008002d86        0x2 
 .text.SysTick_Config
                0x0000000008002d88       0x44 ./Drivers/STM32WBxx_HAL_Driver/Src/stm32wbxx_hal_cortex.o
 .text.HAL_NVIC_SetPriorityGrouping
                0x0000000008002dcc       0x16 ./Drivers/STM32WBxx_HAL_Driver/Src/stm32wbxx_hal_cortex.o
                0x0000000008002dcc                HAL_NVIC_SetPriorityGrouping
 .text.HAL_NVIC_SetPriority
                0x0000000008002de2       0x34 ./Drivers/STM32WBxx_HAL_Driver/Src/stm32wbxx_hal_cortex.o
                0x0000000008002de2                HAL_NVIC_SetPriority
 .text.HAL_NVIC_EnableIRQ
                0x0000000008002e16       0x1c ./Drivers/STM32WBxx_HAL_Driver/Src/stm32wbxx_hal_cortex.o
                0x0000000008002e16                HAL_NVIC_EnableIRQ
 .text.HAL_SYSTICK_Config
                0x0000000008002e32       0x18 ./Drivers/STM32WBxx_HAL_Driver/Src/stm32wbxx_hal_cortex.o
                0x0000000008002e32                HAL_SYSTICK_Config
 *fill*         0x0000000008002e4a        0x2 
 .text.HAL_DMA_Init
                0x0000000008002e4c      0x150 ./Drivers/STM32WBxx_HAL_Driver/Src/stm32wbxx_hal_dma.o
                0x0000000008002e4c                HAL_DMA_Init
 .text.HAL_DMA_Start_IT
                0x0000000008002f9c       0xf6 ./Drivers/STM32WBxx_HAL_Driver/Src/stm32wbxx_hal_dma.o
                0x0000000008002f9c                HAL_DMA_Start_IT
 .text.HAL_DMA_IRQHandler
                0x0000000008003092      0x15e ./Drivers/STM32WBxx_HAL_Driver/Src/stm32wbxx_hal_dma.o
                0x0000000008003092                HAL_DMA_IRQHandler
 .text.DMA_SetConfig
                0x00000000080031f0       0x7c ./Drivers/STM32WBxx_HAL_Driver/Src/stm32wbxx_hal_dma.o
 .text.DMA_CalcDMAMUXChannelBaseAndMask
                0x000000000800326c       0x7c ./Drivers/STM32WBxx_HAL_Driver/Src/stm32wbxx_hal_dma.o
 .text.DMA_CalcDMAMUXRequestGenBaseAndMask
                0x00000000080032e8       0x4c ./Drivers/STM32WBxx_HAL_Driver/Src/stm32wbxx_hal_dma.o
 .text.HAL_GPIO_Init
                0x0000000008003334      0x2e0 ./Drivers/STM32WBxx_HAL_Driver/Src/stm32wbxx_hal_gpio.o
                0x0000000008003334                HAL_GPIO_Init
 .text.HAL_GPIO_WritePin
                0x0000000008003614       0x30 ./Drivers/STM32WBxx_HAL_Driver/Src/stm32wbxx_hal_gpio.o
                0x0000000008003614                HAL_GPIO_WritePin
 .text.HAL_PWR_EnableBkUpAccess
                0x0000000008003644       0x20 ./Drivers/STM32WBxx_HAL_Driver/Src/stm32wbxx_hal_pwr.o
                0x0000000008003644                HAL_PWR_EnableBkUpAccess
 .text.HAL_PWREx_GetVoltageRange
                0x0000000008003664       0x1c ./Drivers/STM32WBxx_HAL_Driver/Src/stm32wbxx_hal_pwr_ex.o
                0x0000000008003664                HAL_PWREx_GetVoltageRange
 .text.LL_RCC_HSE_IsEnabledDiv2
                0x0000000008003680       0x24 ./Drivers/STM32WBxx_HAL_Driver/Src/stm32wbxx_hal_rcc.o
 .text.LL_RCC_HSE_Enable
                0x00000000080036a4       0x1e ./Drivers/STM32WBxx_HAL_Driver/Src/stm32wbxx_hal_rcc.o
 .text.LL_RCC_HSE_Disable
                0x00000000080036c2       0x1e ./Drivers/STM32WBxx_HAL_Driver/Src/stm32wbxx_hal_rcc.o
 .text.LL_RCC_HSE_IsReady
                0x00000000080036e0       0x24 ./Drivers/STM32WBxx_HAL_Driver/Src/stm32wbxx_hal_rcc.o
 .text.LL_RCC_HSI_Enable
                0x0000000008003704       0x1e ./Drivers/STM32WBxx_HAL_Driver/Src/stm32wbxx_hal_rcc.o
 .text.LL_RCC_HSI_Disable
                0x0000000008003722       0x1e ./Drivers/STM32WBxx_HAL_Driver/Src/stm32wbxx_hal_rcc.o
 .text.LL_RCC_HSI_IsReady
                0x0000000008003740       0x24 ./Drivers/STM32WBxx_HAL_Driver/Src/stm32wbxx_hal_rcc.o
 .text.LL_RCC_HSI_SetCalibTrimming
                0x0000000008003764       0x2a ./Drivers/STM32WBxx_HAL_Driver/Src/stm32wbxx_hal_rcc.o
 .text.LL_RCC_HSI48_Enable
                0x000000000800378e       0x22 ./Drivers/STM32WBxx_HAL_Driver/Src/stm32wbxx_hal_rcc.o
 .text.LL_RCC_HSI48_Disable
                0x00000000080037b0       0x22 ./Drivers/STM32WBxx_HAL_Driver/Src/stm32wbxx_hal_rcc.o
 .text.LL_RCC_HSI48_IsReady
                0x00000000080037d2       0x24 ./Drivers/STM32WBxx_HAL_Driver/Src/stm32wbxx_hal_rcc.o
 .text.LL_RCC_LSE_Enable
                0x00000000080037f6       0x22 ./Drivers/STM32WBxx_HAL_Driver/Src/stm32wbxx_hal_rcc.o
 .text.LL_RCC_LSE_Disable
                0x0000000008003818       0x22 ./Drivers/STM32WBxx_HAL_Driver/Src/stm32wbxx_hal_rcc.o
 .text.LL_RCC_LSE_EnableBypass
                0x000000000800383a       0x22 ./Drivers/STM32WBxx_HAL_Driver/Src/stm32wbxx_hal_rcc.o
 .text.LL_RCC_LSE_DisableBypass
                0x000000000800385c       0x22 ./Drivers/STM32WBxx_HAL_Driver/Src/stm32wbxx_hal_rcc.o
 .text.LL_RCC_LSE_IsReady
                0x000000000800387e       0x24 ./Drivers/STM32WBxx_HAL_Driver/Src/stm32wbxx_hal_rcc.o
 .text.LL_RCC_LSI1_Enable
                0x00000000080038a2       0x22 ./Drivers/STM32WBxx_HAL_Driver/Src/stm32wbxx_hal_rcc.o
 .text.LL_RCC_LSI1_Disable
                0x00000000080038c4       0x22 ./Drivers/STM32WBxx_HAL_Driver/Src/stm32wbxx_hal_rcc.o
 .text.LL_RCC_LSI1_IsReady
                0x00000000080038e6       0x24 ./Drivers/STM32WBxx_HAL_Driver/Src/stm32wbxx_hal_rcc.o
 .text.LL_RCC_LSI2_Enable
                0x000000000800390a       0x22 ./Drivers/STM32WBxx_HAL_Driver/Src/stm32wbxx_hal_rcc.o
 .text.LL_RCC_LSI2_Disable
                0x000000000800392c       0x22 ./Drivers/STM32WBxx_HAL_Driver/Src/stm32wbxx_hal_rcc.o
 .text.LL_RCC_LSI2_IsReady
                0x000000000800394e       0x24 ./Drivers/STM32WBxx_HAL_Driver/Src/stm32wbxx_hal_rcc.o
 .text.LL_RCC_LSI2_SetTrimming
                0x0000000008003972       0x2e ./Drivers/STM32WBxx_HAL_Driver/Src/stm32wbxx_hal_rcc.o
 .text.LL_RCC_MSI_Enable
                0x00000000080039a0       0x1e ./Drivers/STM32WBxx_HAL_Driver/Src/stm32wbxx_hal_rcc.o
 .text.LL_RCC_MSI_Disable
                0x00000000080039be       0x1e ./Drivers/STM32WBxx_HAL_Driver/Src/stm32wbxx_hal_rcc.o
 .text.LL_RCC_MSI_IsReady
                0x00000000080039dc       0x22 ./Drivers/STM32WBxx_HAL_Driver/Src/stm32wbxx_hal_rcc.o
 .text.LL_RCC_MSI_SetRange
                0x00000000080039fe       0x28 ./Drivers/STM32WBxx_HAL_Driver/Src/stm32wbxx_hal_rcc.o
 .text.LL_RCC_MSI_GetRange
                0x0000000008003a26       0x2a ./Drivers/STM32WBxx_HAL_Driver/Src/stm32wbxx_hal_rcc.o
 .text.LL_RCC_MSI_SetCalibTrimming
                0x0000000008003a50       0x2a ./Drivers/STM32WBxx_HAL_Driver/Src/stm32wbxx_hal_rcc.o
 .text.LL_RCC_SetSysClkSource
                0x0000000008003a7a       0x28 ./Drivers/STM32WBxx_HAL_Driver/Src/stm32wbxx_hal_rcc.o
 .text.LL_RCC_GetSysClkSource
                0x0000000008003aa2       0x18 ./Drivers/STM32WBxx_HAL_Driver/Src/stm32wbxx_hal_rcc.o
 .text.LL_RCC_SetAHBPrescaler
                0x0000000008003aba       0x28 ./Drivers/STM32WBxx_HAL_Driver/Src/stm32wbxx_hal_rcc.o
 .text.LL_C2_RCC_SetAHBPrescaler
                0x0000000008003ae2       0x2c ./Drivers/STM32WBxx_HAL_Driver/Src/stm32wbxx_hal_rcc.o
 .text.LL_RCC_SetAHB4Prescaler
                0x0000000008003b0e       0x2e ./Drivers/STM32WBxx_HAL_Driver/Src/stm32wbxx_hal_rcc.o
 .text.LL_RCC_SetAPB1Prescaler
                0x0000000008003b3c       0x28 ./Drivers/STM32WBxx_HAL_Driver/Src/stm32wbxx_hal_rcc.o
 .text.LL_RCC_SetAPB2Prescaler
                0x0000000008003b64       0x28 ./Drivers/STM32WBxx_HAL_Driver/Src/stm32wbxx_hal_rcc.o
 .text.LL_RCC_GetAHBPrescaler
                0x0000000008003b8c       0x18 ./Drivers/STM32WBxx_HAL_Driver/Src/stm32wbxx_hal_rcc.o
 .text.LL_RCC_GetAHB4Prescaler
                0x0000000008003ba4       0x1c ./Drivers/STM32WBxx_HAL_Driver/Src/stm32wbxx_hal_rcc.o
 .text.LL_RCC_PLL_Enable
                0x0000000008003bc0       0x1e ./Drivers/STM32WBxx_HAL_Driver/Src/stm32wbxx_hal_rcc.o
 .text.LL_RCC_PLL_Disable
                0x0000000008003bde       0x1e ./Drivers/STM32WBxx_HAL_Driver/Src/stm32wbxx_hal_rcc.o
 .text.LL_RCC_PLL_IsReady
                0x0000000008003bfc       0x24 ./Drivers/STM32WBxx_HAL_Driver/Src/stm32wbxx_hal_rcc.o
 .text.LL_RCC_PLL_GetN
                0x0000000008003c20       0x1a ./Drivers/STM32WBxx_HAL_Driver/Src/stm32wbxx_hal_rcc.o
 .text.LL_RCC_PLL_GetR
                0x0000000008003c3a       0x18 ./Drivers/STM32WBxx_HAL_Driver/Src/stm32wbxx_hal_rcc.o
 .text.LL_RCC_PLL_GetDivider
                0x0000000008003c52       0x18 ./Drivers/STM32WBxx_HAL_Driver/Src/stm32wbxx_hal_rcc.o
 .text.LL_RCC_PLL_GetMainSource
                0x0000000008003c6a       0x18 ./Drivers/STM32WBxx_HAL_Driver/Src/stm32wbxx_hal_rcc.o
 .text.LL_RCC_IsActiveFlag_HPRE
                0x0000000008003c82       0x24 ./Drivers/STM32WBxx_HAL_Driver/Src/stm32wbxx_hal_rcc.o
 .text.LL_RCC_IsActiveFlag_C2HPRE
                0x0000000008003ca6       0x26 ./Drivers/STM32WBxx_HAL_Driver/Src/stm32wbxx_hal_rcc.o
 .text.LL_RCC_IsActiveFlag_SHDHPRE
                0x0000000008003ccc       0x26 ./Drivers/STM32WBxx_HAL_Driver/Src/stm32wbxx_hal_rcc.o
 .text.LL_RCC_IsActiveFlag_PPRE1
                0x0000000008003cf2       0x24 ./Drivers/STM32WBxx_HAL_Driver/Src/stm32wbxx_hal_rcc.o
 .text.LL_RCC_IsActiveFlag_PPRE2
                0x0000000008003d16       0x24 ./Drivers/STM32WBxx_HAL_Driver/Src/stm32wbxx_hal_rcc.o
 *fill*         0x0000000008003d3a        0x2 
 .text.HAL_RCC_OscConfig
                0x0000000008003d3c      0x6e8 ./Drivers/STM32WBxx_HAL_Driver/Src/stm32wbxx_hal_rcc.o
                0x0000000008003d3c                HAL_RCC_OscConfig
 .text.HAL_RCC_ClockConfig
                0x0000000008004424      0x280 ./Drivers/STM32WBxx_HAL_Driver/Src/stm32wbxx_hal_rcc.o
                0x0000000008004424                HAL_RCC_ClockConfig
 .text.HAL_RCC_GetSysClockFreq
                0x00000000080046a4       0xdc ./Drivers/STM32WBxx_HAL_Driver/Src/stm32wbxx_hal_rcc.o
                0x00000000080046a4                HAL_RCC_GetSysClockFreq
 .text.HAL_RCC_GetHCLKFreq
                0x0000000008004780       0x28 ./Drivers/STM32WBxx_HAL_Driver/Src/stm32wbxx_hal_rcc.o
                0x0000000008004780                HAL_RCC_GetHCLKFreq
 .text.RCC_SetFlashLatencyFromMSIRange
                0x00000000080047a8       0x70 ./Drivers/STM32WBxx_HAL_Driver/Src/stm32wbxx_hal_rcc.o
 .text.RCC_SetFlashLatency
                0x0000000008004818       0xf8 ./Drivers/STM32WBxx_HAL_Driver/Src/stm32wbxx_hal_rcc.o
 .text.LL_RCC_LSE_IsEnabled
                0x0000000008004910       0x24 ./Drivers/STM32WBxx_HAL_Driver/Src/stm32wbxx_hal_rcc_ex.o
 .text.LL_RCC_LSE_IsReady
                0x0000000008004934       0x24 ./Drivers/STM32WBxx_HAL_Driver/Src/stm32wbxx_hal_rcc_ex.o
 .text.LL_RCC_SetRFWKPClockSource
                0x0000000008004958       0x2c ./Drivers/STM32WBxx_HAL_Driver/Src/stm32wbxx_hal_rcc_ex.o
 .text.LL_RCC_SetSMPSClockSource
                0x0000000008004984       0x28 ./Drivers/STM32WBxx_HAL_Driver/Src/stm32wbxx_hal_rcc_ex.o
 .text.LL_RCC_SetSMPSPrescaler
                0x00000000080049ac       0x28 ./Drivers/STM32WBxx_HAL_Driver/Src/stm32wbxx_hal_rcc_ex.o
 .text.LL_RCC_SetUSARTClockSource
                0x00000000080049d4       0x2c ./Drivers/STM32WBxx_HAL_Driver/Src/stm32wbxx_hal_rcc_ex.o
 .text.LL_RCC_SetLPUARTClockSource
                0x0000000008004a00       0x2c ./Drivers/STM32WBxx_HAL_Driver/Src/stm32wbxx_hal_rcc_ex.o
 .text.LL_RCC_SetI2CClockSource
                0x0000000008004a2c       0x3a ./Drivers/STM32WBxx_HAL_Driver/Src/stm32wbxx_hal_rcc_ex.o
 .text.LL_RCC_SetLPTIMClockSource
                0x0000000008004a66       0x34 ./Drivers/STM32WBxx_HAL_Driver/Src/stm32wbxx_hal_rcc_ex.o
 .text.LL_RCC_SetSAIClockSource
                0x0000000008004a9a       0x2c ./Drivers/STM32WBxx_HAL_Driver/Src/stm32wbxx_hal_rcc_ex.o
 .text.LL_RCC_SetRNGClockSource
                0x0000000008004ac6       0x2c ./Drivers/STM32WBxx_HAL_Driver/Src/stm32wbxx_hal_rcc_ex.o
 .text.LL_RCC_SetCLK48ClockSource
                0x0000000008004af2       0x2c ./Drivers/STM32WBxx_HAL_Driver/Src/stm32wbxx_hal_rcc_ex.o
 .text.LL_RCC_SetUSBClockSource
                0x0000000008004b1e       0x16 ./Drivers/STM32WBxx_HAL_Driver/Src/stm32wbxx_hal_rcc_ex.o
 .text.LL_RCC_SetADCClockSource
                0x0000000008004b34       0x2c ./Drivers/STM32WBxx_HAL_Driver/Src/stm32wbxx_hal_rcc_ex.o
 .text.LL_RCC_SetRTCClockSource
                0x0000000008004b60       0x2c ./Drivers/STM32WBxx_HAL_Driver/Src/stm32wbxx_hal_rcc_ex.o
 .text.LL_RCC_GetRTCClockSource
                0x0000000008004b8c       0x1a ./Drivers/STM32WBxx_HAL_Driver/Src/stm32wbxx_hal_rcc_ex.o
 .text.LL_RCC_ForceBackupDomainReset
                0x0000000008004ba6       0x22 ./Drivers/STM32WBxx_HAL_Driver/Src/stm32wbxx_hal_rcc_ex.o
 .text.LL_RCC_ReleaseBackupDomainReset
                0x0000000008004bc8       0x22 ./Drivers/STM32WBxx_HAL_Driver/Src/stm32wbxx_hal_rcc_ex.o
 .text.LL_RCC_PLLSAI1_Enable
                0x0000000008004bea       0x1e ./Drivers/STM32WBxx_HAL_Driver/Src/stm32wbxx_hal_rcc_ex.o
 .text.LL_RCC_PLLSAI1_Disable
                0x0000000008004c08       0x1e ./Drivers/STM32WBxx_HAL_Driver/Src/stm32wbxx_hal_rcc_ex.o
 .text.LL_RCC_PLLSAI1_IsReady
                0x0000000008004c26       0x24 ./Drivers/STM32WBxx_HAL_Driver/Src/stm32wbxx_hal_rcc_ex.o
 .text.HAL_RCCEx_PeriphCLKConfig
                0x0000000008004c4a      0x2ec ./Drivers/STM32WBxx_HAL_Driver/Src/stm32wbxx_hal_rcc_ex.o
                0x0000000008004c4a                HAL_RCCEx_PeriphCLKConfig
 .text.RCCEx_PLLSAI1_ConfigNP
                0x0000000008004f36       0xb6 ./Drivers/STM32WBxx_HAL_Driver/Src/stm32wbxx_hal_rcc_ex.o
 .text.RCCEx_PLLSAI1_ConfigNQ
                0x0000000008004fec       0xb6 ./Drivers/STM32WBxx_HAL_Driver/Src/stm32wbxx_hal_rcc_ex.o
 .text.RCCEx_PLLSAI1_ConfigNR
                0x00000000080050a2       0xb6 ./Drivers/STM32WBxx_HAL_Driver/Src/stm32wbxx_hal_rcc_ex.o
 .text.HAL_TIM_Base_Init
                0x0000000008005158       0xae ./Drivers/STM32WBxx_HAL_Driver/Src/stm32wbxx_hal_tim.o
                0x0000000008005158                HAL_TIM_Base_Init
 .text.HAL_TIM_PWM_Init
                0x0000000008005206       0xae ./Drivers/STM32WBxx_HAL_Driver/Src/stm32wbxx_hal_tim.o
                0x0000000008005206                HAL_TIM_PWM_Init
 .text.HAL_TIM_PWM_MspInit
                0x00000000080052b4       0x14 ./Drivers/STM32WBxx_HAL_Driver/Src/stm32wbxx_hal_tim.o
                0x00000000080052b4                HAL_TIM_PWM_MspInit
 .text.HAL_TIM_PWM_Start
                0x00000000080052c8      0x1b4 ./Drivers/STM32WBxx_HAL_Driver/Src/stm32wbxx_hal_tim.o
                0x00000000080052c8                HAL_TIM_PWM_Start
 .text.HAL_TIM_PWM_ConfigChannel
                0x000000000800547c      0x228 ./Drivers/STM32WBxx_HAL_Driver/Src/stm32wbxx_hal_tim.o
                0x000000000800547c                HAL_TIM_PWM_ConfigChannel
 .text.HAL_TIM_ConfigClockSource
                0x00000000080056a4      0x192 ./Drivers/STM32WBxx_HAL_Driver/Src/stm32wbxx_hal_tim.o
                0x00000000080056a4                HAL_TIM_ConfigClockSource
 *fill*         0x0000000008005836        0x2 
 .text.TIM_Base_SetConfig
                0x0000000008005838       0xc8 ./Drivers/STM32WBxx_HAL_Driver/Src/stm32wbxx_hal_tim.o
                0x0000000008005838                TIM_Base_SetConfig
 .text.TIM_OC1_SetConfig
                0x0000000008005900       0xf8 ./Drivers/STM32WBxx_HAL_Driver/Src/stm32wbxx_hal_tim.o
 .text.TIM_OC2_SetConfig
                0x00000000080059f8       0xf4 ./Drivers/STM32WBxx_HAL_Driver/Src/stm32wbxx_hal_tim.o
                0x00000000080059f8                TIM_OC2_SetConfig
 .text.TIM_OC3_SetConfig
                0x0000000008005aec       0xf0 ./Drivers/STM32WBxx_HAL_Driver/Src/stm32wbxx_hal_tim.o
 .text.TIM_OC4_SetConfig
                0x0000000008005bdc       0xbc ./Drivers/STM32WBxx_HAL_Driver/Src/stm32wbxx_hal_tim.o
 .text.TIM_OC5_SetConfig
                0x0000000008005c98       0xb0 ./Drivers/STM32WBxx_HAL_Driver/Src/stm32wbxx_hal_tim.o
 .text.TIM_OC6_SetConfig
                0x0000000008005d48       0xb4 ./Drivers/STM32WBxx_HAL_Driver/Src/stm32wbxx_hal_tim.o
 .text.TIM_TI1_ConfigInputStage
                0x0000000008005dfc       0x5e ./Drivers/STM32WBxx_HAL_Driver/Src/stm32wbxx_hal_tim.o
 .text.TIM_TI2_ConfigInputStage
                0x0000000008005e5a       0x60 ./Drivers/STM32WBxx_HAL_Driver/Src/stm32wbxx_hal_tim.o
 .text.TIM_ITRx_SetConfig
                0x0000000008005eba       0x3a ./Drivers/STM32WBxx_HAL_Driver/Src/stm32wbxx_hal_tim.o
 .text.TIM_ETR_SetConfig
                0x0000000008005ef4       0x40 ./Drivers/STM32WBxx_HAL_Driver/Src/stm32wbxx_hal_tim.o
                0x0000000008005ef4                TIM_ETR_SetConfig
 .text.TIM_CCxChannelCmd
                0x0000000008005f34       0x4a ./Drivers/STM32WBxx_HAL_Driver/Src/stm32wbxx_hal_tim.o
                0x0000000008005f34                TIM_CCxChannelCmd
 *fill*         0x0000000008005f7e        0x2 
 .text.HAL_TIMEx_MasterConfigSynchronization
                0x0000000008005f80       0xc0 ./Drivers/STM32WBxx_HAL_Driver/Src/stm32wbxx_hal_tim_ex.o
                0x0000000008005f80                HAL_TIMEx_MasterConfigSynchronization
 .text.__libc_init_array
                0x0000000008006040       0x48 c:/users/owenc/.eclipse/com.st.stm32cube.ide.mcu.rcp.product_1.11.2_353793806_win32_win32_x86_64/plugins/com.st.stm32cube.ide.mcu.externaltools.gnu-tools-for-stm32.10.3-2021.10.win32_1.0.200.202301161003/tools/bin/../lib/gcc/arm-none-eabi/10.3.1/../../../../arm-none-eabi/lib/thumb/v7e-m+fp/hard\libc_nano.a(lib_a-init.o)
                0x0000000008006040                __libc_init_array
 .text.memset   0x0000000008006088       0x10 c:/users/owenc/.eclipse/com.st.stm32cube.ide.mcu.rcp.product_1.11.2_353793806_win32_win32_x86_64/plugins/com.st.stm32cube.ide.mcu.externaltools.gnu-tools-for-stm32.10.3-2021.10.win32_1.0.200.202301161003/tools/bin/../lib/gcc/arm-none-eabi/10.3.1/../../../../arm-none-eabi/lib/thumb/v7e-m+fp/hard\libc_nano.a(lib_a-memset.o)
                0x0000000008006088                memset
 *(.glue_7)
 .glue_7        0x0000000008006098        0x0 linker stubs
 *(.glue_7t)
 .glue_7t       0x0000000008006098        0x0 linker stubs
 *(.eh_frame)
 .eh_frame      0x0000000008006098        0x0 c:/users/owenc/.eclipse/com.st.stm32cube.ide.mcu.rcp.product_1.11.2_353793806_win32_win32_x86_64/plugins/com.st.stm32cube.ide.mcu.externaltools.gnu-tools-for-stm32.10.3-2021.10.win32_1.0.200.202301161003/tools/bin/../lib/gcc/arm-none-eabi/10.3.1/thumb/v7e-m+fp/hard/crtbegin.o
 *(.init)
 .init          0x0000000008006098        0x4 c:/users/owenc/.eclipse/com.st.stm32cube.ide.mcu.rcp.product_1.11.2_353793806_win32_win32_x86_64/plugins/com.st.stm32cube.ide.mcu.externaltools.gnu-tools-for-stm32.10.3-2021.10.win32_1.0.200.202301161003/tools/bin/../lib/gcc/arm-none-eabi/10.3.1/thumb/v7e-m+fp/hard/crti.o
                0x0000000008006098                _init
 .init          0x000000000800609c        0x8 c:/users/owenc/.eclipse/com.st.stm32cube.ide.mcu.rcp.product_1.11.2_353793806_win32_win32_x86_64/plugins/com.st.stm32cube.ide.mcu.externaltools.gnu-tools-for-stm32.10.3-2021.10.win32_1.0.200.202301161003/tools/bin/../lib/gcc/arm-none-eabi/10.3.1/thumb/v7e-m+fp/hard/crtn.o
 *(.fini)
 .fini          0x00000000080060a4        0x4 c:/users/owenc/.eclipse/com.st.stm32cube.ide.mcu.rcp.product_1.11.2_353793806_win32_win32_x86_64/plugins/com.st.stm32cube.ide.mcu.externaltools.gnu-tools-for-stm32.10.3-2021.10.win32_1.0.200.202301161003/tools/bin/../lib/gcc/arm-none-eabi/10.3.1/thumb/v7e-m+fp/hard/crti.o
                0x00000000080060a4                _fini
 .fini          0x00000000080060a8        0x8 c:/users/owenc/.eclipse/com.st.stm32cube.ide.mcu.rcp.product_1.11.2_353793806_win32_win32_x86_64/plugins/com.st.stm32cube.ide.mcu.externaltools.gnu-tools-for-stm32.10.3-2021.10.win32_1.0.200.202301161003/tools/bin/../lib/gcc/arm-none-eabi/10.3.1/thumb/v7e-m+fp/hard/crtn.o
                0x00000000080060b0                . = ALIGN (0x4)
                0x00000000080060b0                _etext = .

.vfp11_veneer   0x00000000080060b0        0x0
 .vfp11_veneer  0x00000000080060b0        0x0 linker stubs

.v4_bx          0x00000000080060b0        0x0
 .v4_bx         0x00000000080060b0        0x0 linker stubs

.iplt           0x00000000080060b0        0x0
 .iplt          0x00000000080060b0        0x0 c:/users/owenc/.eclipse/com.st.stm32cube.ide.mcu.rcp.product_1.11.2_353793806_win32_win32_x86_64/plugins/com.st.stm32cube.ide.mcu.externaltools.gnu-tools-for-stm32.10.3-2021.10.win32_1.0.200.202301161003/tools/bin/../lib/gcc/arm-none-eabi/10.3.1/thumb/v7e-m+fp/hard/crtbegin.o

.rodata         0x00000000080060b0       0xac
                0x00000000080060b0                . = ALIGN (0x4)
 *(.rodata)
 .rodata        0x00000000080060b0       0x2c ./Drivers/STM32WBxx_HAL_Driver/Src/stm32wbxx_hal_rcc.o
 *(.rodata*)
 .rodata.AHBPrescTable
                0x00000000080060dc       0x40 ./Core/Src/system_stm32wbxx.o
                0x00000000080060dc                AHBPrescTable
 .rodata.MSIRangeTable
                0x000000000800611c       0x40 ./Core/Src/system_stm32wbxx.o
                0x000000000800611c                MSIRangeTable
                0x000000000800615c                . = ALIGN (0x4)

.rel.dyn        0x000000000800615c        0x0
 .rel.iplt      0x000000000800615c        0x0 c:/users/owenc/.eclipse/com.st.stm32cube.ide.mcu.rcp.product_1.11.2_353793806_win32_win32_x86_64/plugins/com.st.stm32cube.ide.mcu.externaltools.gnu-tools-for-stm32.10.3-2021.10.win32_1.0.200.202301161003/tools/bin/../lib/gcc/arm-none-eabi/10.3.1/thumb/v7e-m+fp/hard/crtbegin.o

.ARM.extab
 *(.ARM.extab* .gnu.linkonce.armextab.*)

.ARM            0x000000000800615c        0x0
                0x000000000800615c                __exidx_start = .
 *(.ARM.exidx*)
                0x000000000800615c                __exidx_end = .

.preinit_array  0x000000000800615c        0x0
                0x000000000800615c                PROVIDE (__preinit_array_start = .)
 *(.preinit_array*)
                0x000000000800615c                PROVIDE (__preinit_array_end = .)

.init_array     0x000000000800615c        0x4
                0x000000000800615c                PROVIDE (__init_array_start = .)
 *(SORT_BY_NAME(.init_array.*))
 *(.init_array*)
 .init_array    0x000000000800615c        0x4 c:/users/owenc/.eclipse/com.st.stm32cube.ide.mcu.rcp.product_1.11.2_353793806_win32_win32_x86_64/plugins/com.st.stm32cube.ide.mcu.externaltools.gnu-tools-for-stm32.10.3-2021.10.win32_1.0.200.202301161003/tools/bin/../lib/gcc/arm-none-eabi/10.3.1/thumb/v7e-m+fp/hard/crtbegin.o
                0x0000000008006160                PROVIDE (__init_array_end = .)

.fini_array     0x0000000008006160        0x4
                [!provide]                        PROVIDE (__fini_array_start = .)
 *(SORT_BY_NAME(.fini_array.*))
 *(.fini_array*)
 .fini_array    0x0000000008006160        0x4 c:/users/owenc/.eclipse/com.st.stm32cube.ide.mcu.rcp.product_1.11.2_353793806_win32_win32_x86_64/plugins/com.st.stm32cube.ide.mcu.externaltools.gnu-tools-for-stm32.10.3-2021.10.win32_1.0.200.202301161003/tools/bin/../lib/gcc/arm-none-eabi/10.3.1/thumb/v7e-m+fp/hard/crtbegin.o
                [!provide]                        PROVIDE (__fini_array_end = .)
                0x0000000008006164                _sidata = LOADADDR (.data)

.data           0x0000000020000008       0x14 load address 0x0000000008006164
                0x0000000020000008                . = ALIGN (0x4)
                0x0000000020000008                _sdata = .
 *(.data)
 *(.data*)
 .data.R1       0x0000000020000008        0x4 ./Core/Src/main.o
                0x0000000020000008                R1
 .data.R2       0x000000002000000c        0x4 ./Core/Src/main.o
                0x000000002000000c                R2
 .data.SystemCoreClock
                0x0000000020000010        0x4 ./Core/Src/system_stm32wbxx.o
                0x0000000020000010                SystemCoreClock
 .data.uwTickPrio
                0x0000000020000014        0x4 ./Drivers/STM32WBxx_HAL_Driver/Src/stm32wbxx_hal.o
                0x0000000020000014                uwTickPrio
 .data.uwTickFreq
                0x0000000020000018        0x1 ./Drivers/STM32WBxx_HAL_Driver/Src/stm32wbxx_hal.o
                0x0000000020000018                uwTickFreq
 *(.RamFunc)
 *(.RamFunc*)
                0x000000002000001c                . = ALIGN (0x4)
 *fill*         0x0000000020000019        0x3 
                0x000000002000001c                _edata = .

.igot.plt       0x000000002000001c        0x0 load address 0x0000000008006178
 .igot.plt      0x000000002000001c        0x0 c:/users/owenc/.eclipse/com.st.stm32cube.ide.mcu.rcp.product_1.11.2_353793806_win32_win32_x86_64/plugins/com.st.stm32cube.ide.mcu.externaltools.gnu-tools-for-stm32.10.3-2021.10.win32_1.0.200.202301161003/tools/bin/../lib/gcc/arm-none-eabi/10.3.1/thumb/v7e-m+fp/hard/crtbegin.o
                0x000000002000001c                . = ALIGN (0x4)

.bss            0x000000002000001c      0x164 load address 0x0000000008006178
                0x000000002000001c                _sbss = .
                0x000000002000001c                __bss_start__ = _sbss
 *(.bss)
 .bss           0x000000002000001c       0x1c c:/users/owenc/.eclipse/com.st.stm32cube.ide.mcu.rcp.product_1.11.2_353793806_win32_win32_x86_64/plugins/com.st.stm32cube.ide.mcu.externaltools.gnu-tools-for-stm32.10.3-2021.10.win32_1.0.200.202301161003/tools/bin/../lib/gcc/arm-none-eabi/10.3.1/thumb/v7e-m+fp/hard/crtbegin.o
 *(.bss*)
 .bss.hadc1     0x0000000020000038       0x64 ./Core/Src/main.o
                0x0000000020000038                hadc1
 .bss.hdma_adc1
                0x000000002000009c       0x60 ./Core/Src/main.o
                0x000000002000009c                hdma_adc1
 .bss.htim2     0x00000000200000fc       0x4c ./Core/Src/main.o
                0x00000000200000fc                htim2
 .bss.adc       0x0000000020000148       0x10 ./Core/Src/main.o
                0x0000000020000148                adc
 .bss.buffer    0x0000000020000158       0x10 ./Core/Src/main.o
                0x0000000020000158                buffer
 .bss.vOUT      0x0000000020000168        0x4 ./Core/Src/main.o
                0x0000000020000168                vOUT
 .bss.vIN       0x000000002000016c        0x4 ./Core/Src/main.o
                0x000000002000016c                vIN
 .bss.Amps      0x0000000020000170        0x4 ./Core/Src/main.o
                0x0000000020000170                Amps
 .bss.Psi_1     0x0000000020000174        0x4 ./Core/Src/main.o
                0x0000000020000174                Psi_1
 .bss.Psi_2     0x0000000020000178        0x4 ./Core/Src/main.o
                0x0000000020000178                Psi_2
 .bss.uwTick    0x000000002000017c        0x4 ./Drivers/STM32WBxx_HAL_Driver/Src/stm32wbxx_hal.o
                0x000000002000017c                uwTick
 *(COMMON)
                0x0000000020000180                . = ALIGN (0x4)
                0x0000000020000180                _ebss = .
                0x0000000020000180                __bss_end__ = _ebss

._user_heap_stack
                0x0000000020000180      0x600 load address 0x0000000008006178
                0x0000000020000180                . = ALIGN (0x8)
                [!provide]                        PROVIDE (end = .)
                0x0000000020000180                PROVIDE (_end = .)
                0x0000000020000380                . = (. + _Min_Heap_Size)
 *fill*         0x0000000020000180      0x200 
                0x0000000020000780                . = (. + _Min_Stack_Size)
 *fill*         0x0000000020000380      0x400 
                0x0000000020000780                . = ALIGN (0x8)

/DISCARD/
 libc.a(*)
 libm.a(*)
 libgcc.a(*)

.ARM.attributes
                0x0000000000000000       0x30
 *(.ARM.attributes)
 .ARM.attributes
                0x0000000000000000       0x1e c:/users/owenc/.eclipse/com.st.stm32cube.ide.mcu.rcp.product_1.11.2_353793806_win32_win32_x86_64/plugins/com.st.stm32cube.ide.mcu.externaltools.gnu-tools-for-stm32.10.3-2021.10.win32_1.0.200.202301161003/tools/bin/../lib/gcc/arm-none-eabi/10.3.1/thumb/v7e-m+fp/hard/crti.o
 .ARM.attributes
                0x000000000000001e       0x34 c:/users/owenc/.eclipse/com.st.stm32cube.ide.mcu.rcp.product_1.11.2_353793806_win32_win32_x86_64/plugins/com.st.stm32cube.ide.mcu.externaltools.gnu-tools-for-stm32.10.3-2021.10.win32_1.0.200.202301161003/tools/bin/../lib/gcc/arm-none-eabi/10.3.1/thumb/v7e-m+fp/hard/crtbegin.o
 .ARM.attributes
                0x0000000000000052       0x34 ./Core/Src/main.o
 .ARM.attributes
                0x0000000000000086       0x34 ./Core/Src/stm32wbxx_hal_msp.o
 .ARM.attributes
                0x00000000000000ba       0x34 ./Core/Src/stm32wbxx_it.o
 .ARM.attributes
                0x00000000000000ee       0x34 ./Core/Src/system_stm32wbxx.o
 .ARM.attributes
                0x0000000000000122       0x21 ./Core/Startup/startup_stm32wb55rgvx.o
 .ARM.attributes
                0x0000000000000143       0x34 ./Drivers/STM32WBxx_HAL_Driver/Src/stm32wbxx_hal.o
 .ARM.attributes
                0x0000000000000177       0x34 ./Drivers/STM32WBxx_HAL_Driver/Src/stm32wbxx_hal_adc.o
 .ARM.attributes
                0x00000000000001ab       0x34 ./Drivers/STM32WBxx_HAL_Driver/Src/stm32wbxx_hal_adc_ex.o
 .ARM.attributes
                0x00000000000001df       0x34 ./Drivers/STM32WBxx_HAL_Driver/Src/stm32wbxx_hal_cortex.o
 .ARM.attributes
                0x0000000000000213       0x34 ./Drivers/STM32WBxx_HAL_Driver/Src/stm32wbxx_hal_dma.o
 .ARM.attributes
                0x0000000000000247       0x34 ./Drivers/STM32WBxx_HAL_Driver/Src/stm32wbxx_hal_gpio.o
 .ARM.attributes
                0x000000000000027b       0x34 ./Drivers/STM32WBxx_HAL_Driver/Src/stm32wbxx_hal_pwr.o
 .ARM.attributes
                0x00000000000002af       0x34 ./Drivers/STM32WBxx_HAL_Driver/Src/stm32wbxx_hal_pwr_ex.o
 .ARM.attributes
                0x00000000000002e3       0x34 ./Drivers/STM32WBxx_HAL_Driver/Src/stm32wbxx_hal_rcc.o
 .ARM.attributes
                0x0000000000000317       0x34 ./Drivers/STM32WBxx_HAL_Driver/Src/stm32wbxx_hal_rcc_ex.o
 .ARM.attributes
                0x000000000000034b       0x34 ./Drivers/STM32WBxx_HAL_Driver/Src/stm32wbxx_hal_tim.o
 .ARM.attributes
                0x000000000000037f       0x34 ./Drivers/STM32WBxx_HAL_Driver/Src/stm32wbxx_hal_tim_ex.o
 .ARM.attributes
                0x00000000000003b3       0x34 c:/users/owenc/.eclipse/com.st.stm32cube.ide.mcu.rcp.product_1.11.2_353793806_win32_win32_x86_64/plugins/com.st.stm32cube.ide.mcu.externaltools.gnu-tools-for-stm32.10.3-2021.10.win32_1.0.200.202301161003/tools/bin/../lib/gcc/arm-none-eabi/10.3.1/../../../../arm-none-eabi/lib/thumb/v7e-m+fp/hard\libc_nano.a(lib_a-init.o)
 .ARM.attributes
                0x00000000000003e7       0x34 c:/users/owenc/.eclipse/com.st.stm32cube.ide.mcu.rcp.product_1.11.2_353793806_win32_win32_x86_64/plugins/com.st.stm32cube.ide.mcu.externaltools.gnu-tools-for-stm32.10.3-2021.10.win32_1.0.200.202301161003/tools/bin/../lib/gcc/arm-none-eabi/10.3.1/../../../../arm-none-eabi/lib/thumb/v7e-m+fp/hard\libc_nano.a(lib_a-memset.o)
 .ARM.attributes
                0x000000000000041b       0x1e c:/users/owenc/.eclipse/com.st.stm32cube.ide.mcu.rcp.product_1.11.2_353793806_win32_win32_x86_64/plugins/com.st.stm32cube.ide.mcu.externaltools.gnu-tools-for-stm32.10.3-2021.10.win32_1.0.200.202301161003/tools/bin/../lib/gcc/arm-none-eabi/10.3.1/thumb/v7e-m+fp/hard\libgcc.a(_arm_addsubdf3.o)
 .ARM.attributes
                0x0000000000000439       0x1e c:/users/owenc/.eclipse/com.st.stm32cube.ide.mcu.rcp.product_1.11.2_353793806_win32_win32_x86_64/plugins/com.st.stm32cube.ide.mcu.externaltools.gnu-tools-for-stm32.10.3-2021.10.win32_1.0.200.202301161003/tools/bin/../lib/gcc/arm-none-eabi/10.3.1/thumb/v7e-m+fp/hard\libgcc.a(_arm_muldivdf3.o)
 .ARM.attributes
                0x0000000000000457       0x1e c:/users/owenc/.eclipse/com.st.stm32cube.ide.mcu.rcp.product_1.11.2_353793806_win32_win32_x86_64/plugins/com.st.stm32cube.ide.mcu.externaltools.gnu-tools-for-stm32.10.3-2021.10.win32_1.0.200.202301161003/tools/bin/../lib/gcc/arm-none-eabi/10.3.1/thumb/v7e-m+fp/hard\libgcc.a(_arm_truncdfsf2.o)
 .ARM.attributes
                0x0000000000000475       0x1e c:/users/owenc/.eclipse/com.st.stm32cube.ide.mcu.rcp.product_1.11.2_353793806_win32_win32_x86_64/plugins/com.st.stm32cube.ide.mcu.externaltools.gnu-tools-for-stm32.10.3-2021.10.win32_1.0.200.202301161003/tools/bin/../lib/gcc/arm-none-eabi/10.3.1/thumb/v7e-m+fp/hard/crtn.o

MAPPING_TABLE
 *(MAPPING_TABLE)

MB_MEM1
 *(MB_MEM1)
                0x0000000008006178                _siMB_MEM2 = LOADADDR (.MB_MEM2)

.MB_MEM2        0x0000000020030000        0x0 load address 0x0000000008006178
                0x0000000020030000                _sMB_MEM2 = .
 *(.MB_MEM2)
                0x0000000020030000                _eMB_MEM2 = .
OUTPUT(ADC_DMA_multichannel.elf elf32-littlearm)
LOAD linker stubs
LOAD c:/users/owenc/.eclipse/com.st.stm32cube.ide.mcu.rcp.product_1.11.2_353793806_win32_win32_x86_64/plugins/com.st.stm32cube.ide.mcu.externaltools.gnu-tools-for-stm32.10.3-2021.10.win32_1.0.200.202301161003/tools/bin/../lib/gcc/arm-none-eabi/10.3.1/../../../../arm-none-eabi/lib/thumb/v7e-m+fp/hard\libc.a
LOAD c:/users/owenc/.eclipse/com.st.stm32cube.ide.mcu.rcp.product_1.11.2_353793806_win32_win32_x86_64/plugins/com.st.stm32cube.ide.mcu.externaltools.gnu-tools-for-stm32.10.3-2021.10.win32_1.0.200.202301161003/tools/bin/../lib/gcc/arm-none-eabi/10.3.1/../../../../arm-none-eabi/lib/thumb/v7e-m+fp/hard\libm.a
LOAD c:/users/owenc/.eclipse/com.st.stm32cube.ide.mcu.rcp.product_1.11.2_353793806_win32_win32_x86_64/plugins/com.st.stm32cube.ide.mcu.externaltools.gnu-tools-for-stm32.10.3-2021.10.win32_1.0.200.202301161003/tools/bin/../lib/gcc/arm-none-eabi/10.3.1/thumb/v7e-m+fp/hard\libgcc.a

.debug_info     0x0000000000000000    0x14386
 .debug_info    0x0000000000000000     0x1dee ./Core/Src/main.o
 .debug_info    0x0000000000001dee     0x1676 ./Core/Src/stm32wbxx_hal_msp.o
 .debug_info    0x0000000000003464      0x921 ./Core/Src/stm32wbxx_it.o
 .debug_info    0x0000000000003d85      0x741 ./Core/Src/system_stm32wbxx.o
 .debug_info    0x00000000000044c6       0x22 ./Core/Startup/startup_stm32wb55rgvx.o
 .debug_info    0x00000000000044e8     0x1379 ./Drivers/STM32WBxx_HAL_Driver/Src/stm32wbxx_hal.o
 .debug_info    0x0000000000005861     0x1eec ./Drivers/STM32WBxx_HAL_Driver/Src/stm32wbxx_hal_adc.o
 .debug_info    0x000000000000774d     0x19ca ./Drivers/STM32WBxx_HAL_Driver/Src/stm32wbxx_hal_adc_ex.o
 .debug_info    0x0000000000009117      0xd41 ./Drivers/STM32WBxx_HAL_Driver/Src/stm32wbxx_hal_cortex.o
 .debug_info    0x0000000000009e58      0x8cc ./Drivers/STM32WBxx_HAL_Driver/Src/stm32wbxx_hal_dma.o
 .debug_info    0x000000000000a724      0x747 ./Drivers/STM32WBxx_HAL_Driver/Src/stm32wbxx_hal_gpio.o
 .debug_info    0x000000000000ae6b      0x939 ./Drivers/STM32WBxx_HAL_Driver/Src/stm32wbxx_hal_pwr.o
 .debug_info    0x000000000000b7a4     0x10e2 ./Drivers/STM32WBxx_HAL_Driver/Src/stm32wbxx_hal_pwr_ex.o
 .debug_info    0x000000000000c886     0x15a4 ./Drivers/STM32WBxx_HAL_Driver/Src/stm32wbxx_hal_rcc.o
 .debug_info    0x000000000000de2a     0x1d3c ./Drivers/STM32WBxx_HAL_Driver/Src/stm32wbxx_hal_rcc_ex.o
 .debug_info    0x000000000000fb66     0x2e2b ./Drivers/STM32WBxx_HAL_Driver/Src/stm32wbxx_hal_tim.o
 .debug_info    0x0000000000012991     0x19f5 ./Drivers/STM32WBxx_HAL_Driver/Src/stm32wbxx_hal_tim_ex.o

.debug_abbrev   0x0000000000000000     0x2804
 .debug_abbrev  0x0000000000000000      0x317 ./Core/Src/main.o
 .debug_abbrev  0x0000000000000317      0x24d ./Core/Src/stm32wbxx_hal_msp.o
 .debug_abbrev  0x0000000000000564      0x182 ./Core/Src/stm32wbxx_it.o
 .debug_abbrev  0x00000000000006e6      0x136 ./Core/Src/system_stm32wbxx.o
 .debug_abbrev  0x000000000000081c       0x12 ./Core/Startup/startup_stm32wb55rgvx.o
 .debug_abbrev  0x000000000000082e      0x356 ./Drivers/STM32WBxx_HAL_Driver/Src/stm32wbxx_hal.o
 .debug_abbrev  0x0000000000000b84      0x2b6 ./Drivers/STM32WBxx_HAL_Driver/Src/stm32wbxx_hal_adc.o
 .debug_abbrev  0x0000000000000e3a      0x2c5 ./Drivers/STM32WBxx_HAL_Driver/Src/stm32wbxx_hal_adc_ex.o
 .debug_abbrev  0x00000000000010ff      0x30d ./Drivers/STM32WBxx_HAL_Driver/Src/stm32wbxx_hal_cortex.o
 .debug_abbrev  0x000000000000140c      0x1d7 ./Drivers/STM32WBxx_HAL_Driver/Src/stm32wbxx_hal_dma.o
 .debug_abbrev  0x00000000000015e3      0x1d2 ./Drivers/STM32WBxx_HAL_Driver/Src/stm32wbxx_hal_gpio.o
 .debug_abbrev  0x00000000000017b5      0x1fb ./Drivers/STM32WBxx_HAL_Driver/Src/stm32wbxx_hal_pwr.o
 .debug_abbrev  0x00000000000019b0      0x314 ./Drivers/STM32WBxx_HAL_Driver/Src/stm32wbxx_hal_pwr_ex.o
 .debug_abbrev  0x0000000000001cc4      0x311 ./Drivers/STM32WBxx_HAL_Driver/Src/stm32wbxx_hal_rcc.o
 .debug_abbrev  0x0000000000001fd5      0x34a ./Drivers/STM32WBxx_HAL_Driver/Src/stm32wbxx_hal_rcc_ex.o
 .debug_abbrev  0x000000000000231f      0x264 ./Drivers/STM32WBxx_HAL_Driver/Src/stm32wbxx_hal_tim.o
 .debug_abbrev  0x0000000000002583      0x281 ./Drivers/STM32WBxx_HAL_Driver/Src/stm32wbxx_hal_tim_ex.o

.debug_aranges  0x0000000000000000     0x1870
 .debug_aranges
                0x0000000000000000       0x78 ./Core/Src/main.o
 .debug_aranges
                0x0000000000000078       0x68 ./Core/Src/stm32wbxx_hal_msp.o
 .debug_aranges
                0x00000000000000e0       0x70 ./Core/Src/stm32wbxx_it.o
 .debug_aranges
                0x0000000000000150       0x28 ./Core/Src/system_stm32wbxx.o
 .debug_aranges
                0x0000000000000178       0x30 ./Core/Startup/startup_stm32wb55rgvx.o
 .debug_aranges
                0x00000000000001a8      0x280 ./Drivers/STM32WBxx_HAL_Driver/Src/stm32wbxx_hal.o
 .debug_aranges
                0x0000000000000428      0x218 ./Drivers/STM32WBxx_HAL_Driver/Src/stm32wbxx_hal_adc.o
 .debug_aranges
                0x0000000000000640      0x170 ./Drivers/STM32WBxx_HAL_Driver/Src/stm32wbxx_hal_adc_ex.o
 .debug_aranges
                0x00000000000007b0      0x108 ./Drivers/STM32WBxx_HAL_Driver/Src/stm32wbxx_hal_cortex.o
 .debug_aranges
                0x00000000000008b8       0x90 ./Drivers/STM32WBxx_HAL_Driver/Src/stm32wbxx_hal_dma.o
 .debug_aranges
                0x0000000000000948       0x60 ./Drivers/STM32WBxx_HAL_Driver/Src/stm32wbxx_hal_gpio.o
 .debug_aranges
                0x00000000000009a8       0xd0 ./Drivers/STM32WBxx_HAL_Driver/Src/stm32wbxx_hal_pwr.o
 .debug_aranges
                0x0000000000000a78      0x288 ./Drivers/STM32WBxx_HAL_Driver/Src/stm32wbxx_hal_pwr_ex.o
 .debug_aranges
                0x0000000000000d00      0x270 ./Drivers/STM32WBxx_HAL_Driver/Src/stm32wbxx_hal_rcc.o
 .debug_aranges
                0x0000000000000f70      0x390 ./Drivers/STM32WBxx_HAL_Driver/Src/stm32wbxx_hal_rcc_ex.o
 .debug_aranges
                0x0000000000001300      0x3e0 ./Drivers/STM32WBxx_HAL_Driver/Src/stm32wbxx_hal_tim.o
 .debug_aranges
                0x00000000000016e0      0x190 ./Drivers/STM32WBxx_HAL_Driver/Src/stm32wbxx_hal_tim_ex.o

.debug_ranges   0x0000000000000000     0x1768
 .debug_ranges  0x0000000000000000       0x68 ./Core/Src/main.o
 .debug_ranges  0x0000000000000068       0x58 ./Core/Src/stm32wbxx_hal_msp.o
 .debug_ranges  0x00000000000000c0       0x60 ./Core/Src/stm32wbxx_it.o
 .debug_ranges  0x0000000000000120       0x18 ./Core/Src/system_stm32wbxx.o
 .debug_ranges  0x0000000000000138       0x28 ./Core/Startup/startup_stm32wb55rgvx.o
 .debug_ranges  0x0000000000000160      0x270 ./Drivers/STM32WBxx_HAL_Driver/Src/stm32wbxx_hal.o
 .debug_ranges  0x00000000000003d0      0x208 ./Drivers/STM32WBxx_HAL_Driver/Src/stm32wbxx_hal_adc.o
 .debug_ranges  0x00000000000005d8      0x160 ./Drivers/STM32WBxx_HAL_Driver/Src/stm32wbxx_hal_adc_ex.o
 .debug_ranges  0x0000000000000738       0xf8 ./Drivers/STM32WBxx_HAL_Driver/Src/stm32wbxx_hal_cortex.o
 .debug_ranges  0x0000000000000830       0x80 ./Drivers/STM32WBxx_HAL_Driver/Src/stm32wbxx_hal_dma.o
 .debug_ranges  0x00000000000008b0       0x50 ./Drivers/STM32WBxx_HAL_Driver/Src/stm32wbxx_hal_gpio.o
 .debug_ranges  0x0000000000000900       0xc0 ./Drivers/STM32WBxx_HAL_Driver/Src/stm32wbxx_hal_pwr.o
 .debug_ranges  0x00000000000009c0      0x278 ./Drivers/STM32WBxx_HAL_Driver/Src/stm32wbxx_hal_pwr_ex.o
 .debug_ranges  0x0000000000000c38      0x260 ./Drivers/STM32WBxx_HAL_Driver/Src/stm32wbxx_hal_rcc.o
 .debug_ranges  0x0000000000000e98      0x380 ./Drivers/STM32WBxx_HAL_Driver/Src/stm32wbxx_hal_rcc_ex.o
 .debug_ranges  0x0000000000001218      0x3d0 ./Drivers/STM32WBxx_HAL_Driver/Src/stm32wbxx_hal_tim.o
 .debug_ranges  0x00000000000015e8      0x180 ./Drivers/STM32WBxx_HAL_Driver/Src/stm32wbxx_hal_tim_ex.o

.debug_macro    0x0000000000000000    0x231d6
 .debug_macro   0x0000000000000000      0x3d5 ./Core/Src/main.o
 .debug_macro   0x00000000000003d5      0xa78 ./Core/Src/main.o
 .debug_macro   0x0000000000000e4d      0x130 ./Core/Src/main.o
 .debug_macro   0x0000000000000f7d       0x2e ./Core/Src/main.o
 .debug_macro   0x0000000000000fab       0x2e ./Core/Src/main.o
 .debug_macro   0x0000000000000fd9       0x22 ./Core/Src/main.o
 .debug_macro   0x0000000000000ffb       0x8e ./Core/Src/main.o
 .debug_macro   0x0000000000001089       0x51 ./Core/Src/main.o
 .debug_macro   0x00000000000010da      0x103 ./Core/Src/main.o
 .debug_macro   0x00000000000011dd       0x6a ./Core/Src/main.o
 .debug_macro   0x0000000000001247      0x1df ./Core/Src/main.o
 .debug_macro   0x0000000000001426       0x1c ./Core/Src/main.o
 .debug_macro   0x0000000000001442       0x22 ./Core/Src/main.o
 .debug_macro   0x0000000000001464       0xfb ./Core/Src/main.o
 .debug_macro   0x000000000000155f     0x1011 ./Core/Src/main.o
 .debug_macro   0x0000000000002570      0x11f ./Core/Src/main.o
 .debug_macro   0x000000000000268f    0x12adb ./Core/Src/main.o
 .debug_macro   0x000000000001516a       0x6c ./Core/Src/main.o
 .debug_macro   0x00000000000151d6     0x34c5 ./Core/Src/main.o
 .debug_macro   0x000000000001869b      0x174 ./Core/Src/main.o
 .debug_macro   0x000000000001880f       0x5c ./Core/Src/main.o
 .debug_macro   0x000000000001886b      0x3f5 ./Core/Src/main.o
 .debug_macro   0x0000000000018c60      0x286 ./Core/Src/main.o
 .debug_macro   0x0000000000018ee6      0x30d ./Core/Src/main.o
 .debug_macro   0x00000000000191f3      0x17e ./Core/Src/main.o
 .debug_macro   0x0000000000019371       0x43 ./Core/Src/main.o
 .debug_macro   0x00000000000193b4      0xc98 ./Core/Src/main.o
 .debug_macro   0x000000000001a04c      0x5b4 ./Core/Src/main.o
 .debug_macro   0x000000000001a600      0x1ca ./Core/Src/main.o
 .debug_macro   0x000000000001a7ca      0x236 ./Core/Src/main.o
 .debug_macro   0x000000000001aa00      0x24a ./Core/Src/main.o
 .debug_macro   0x000000000001ac4a      0x57b ./Core/Src/main.o
 .debug_macro   0x000000000001b1c5       0x2e ./Core/Src/main.o
 .debug_macro   0x000000000001b1f3      0x100 ./Core/Src/main.o
 .debug_macro   0x000000000001b2f3      0x1ba ./Core/Src/main.o
 .debug_macro   0x000000000001b4ad      0x1cd ./Core/Src/main.o
 .debug_macro   0x000000000001b67a      0x381 ./Core/Src/main.o
 .debug_macro   0x000000000001b9fb      0x13d ./Core/Src/main.o
 .debug_macro   0x000000000001bb38      0x141 ./Core/Src/main.o
 .debug_macro   0x000000000001bc79      0x4ff ./Core/Src/main.o
 .debug_macro   0x000000000001c178      0x874 ./Core/Src/main.o
 .debug_macro   0x000000000001c9ec      0x259 ./Core/Src/main.o
 .debug_macro   0x000000000001cc45     0x1bb1 ./Core/Src/main.o
 .debug_macro   0x000000000001e7f6       0xe4 ./Core/Src/main.o
 .debug_macro   0x000000000001e8da      0x5e7 ./Core/Src/main.o
 .debug_macro   0x000000000001eec1      0xac2 ./Core/Src/main.o
 .debug_macro   0x000000000001f983      0x110 ./Core/Src/main.o
 .debug_macro   0x000000000001fa93      0x557 ./Core/Src/main.o
 .debug_macro   0x000000000001ffea      0x433 ./Core/Src/main.o
 .debug_macro   0x000000000002041d       0x10 ./Core/Src/main.o
 .debug_macro   0x000000000002042d       0x52 ./Core/Src/main.o
 .debug_macro   0x000000000002047f       0x1e ./Core/Src/main.o
 .debug_macro   0x000000000002049d       0x3c ./Core/Src/main.o
 .debug_macro   0x00000000000204d9       0x34 ./Core/Src/main.o
 .debug_macro   0x000000000002050d       0x16 ./Core/Src/main.o
 .debug_macro   0x0000000000020523       0x43 ./Core/Src/main.o
 .debug_macro   0x0000000000020566       0x34 ./Core/Src/main.o
 .debug_macro   0x000000000002059a       0x10 ./Core/Src/main.o
 .debug_macro   0x00000000000205aa       0x58 ./Core/Src/main.o
 .debug_macro   0x0000000000020602       0x71 ./Core/Src/main.o
 .debug_macro   0x0000000000020673       0x1c ./Core/Src/main.o
 .debug_macro   0x000000000002068f      0x12a ./Core/Src/main.o
 .debug_macro   0x00000000000207b9      0x341 ./Core/Src/main.o
 .debug_macro   0x0000000000020afa       0x10 ./Core/Src/main.o
 .debug_macro   0x0000000000020b0a       0x35 ./Core/Src/main.o
 .debug_macro   0x0000000000020b3f       0x20 ./Core/Src/main.o
 .debug_macro   0x0000000000020b5f       0x1c ./Core/Src/main.o
 .debug_macro   0x0000000000020b7b       0x10 ./Core/Src/main.o
 .debug_macro   0x0000000000020b8b       0x10 ./Core/Src/main.o
 .debug_macro   0x0000000000020b9b       0x1c ./Core/Src/main.o
 .debug_macro   0x0000000000020bb7       0x52 ./Core/Src/main.o
 .debug_macro   0x0000000000020c09       0x22 ./Core/Src/main.o
 .debug_macro   0x0000000000020c2b       0x10 ./Core/Src/main.o
 .debug_macro   0x0000000000020c3b       0x52 ./Core/Src/main.o
 .debug_macro   0x0000000000020c8d       0xd5 ./Core/Src/main.o
 .debug_macro   0x0000000000020d62       0x1c ./Core/Src/main.o
 .debug_macro   0x0000000000020d7e       0x3d ./Core/Src/main.o
 .debug_macro   0x0000000000020dbb       0x16 ./Core/Src/main.o
 .debug_macro   0x0000000000020dd1      0x145 ./Core/Src/main.o
 .debug_macro   0x0000000000020f16      0x240 ./Core/Src/stm32wbxx_hal_msp.o
 .debug_macro   0x0000000000021156      0x24a ./Core/Src/stm32wbxx_it.o
 .debug_macro   0x00000000000213a0      0x231 ./Core/Src/system_stm32wbxx.o
 .debug_macro   0x00000000000215d1      0x255 ./Drivers/STM32WBxx_HAL_Driver/Src/stm32wbxx_hal.o
 .debug_macro   0x0000000000021826      0x24e ./Drivers/STM32WBxx_HAL_Driver/Src/stm32wbxx_hal_adc.o
 .debug_macro   0x0000000000021a74      0x243 ./Drivers/STM32WBxx_HAL_Driver/Src/stm32wbxx_hal_adc_ex.o
 .debug_macro   0x0000000000021cb7      0x231 ./Drivers/STM32WBxx_HAL_Driver/Src/stm32wbxx_hal_cortex.o
 .debug_macro   0x0000000000021ee8      0x231 ./Drivers/STM32WBxx_HAL_Driver/Src/stm32wbxx_hal_dma.o
 .debug_macro   0x0000000000022119      0x238 ./Drivers/STM32WBxx_HAL_Driver/Src/stm32wbxx_hal_gpio.o
 .debug_macro   0x0000000000022351      0x2a3 ./Drivers/STM32WBxx_HAL_Driver/Src/stm32wbxx_hal_pwr.o
 .debug_macro   0x00000000000225f4      0x243 ./Drivers/STM32WBxx_HAL_Driver/Src/stm32wbxx_hal_pwr_ex.o
 .debug_macro   0x0000000000022837      0x2a3 ./Drivers/STM32WBxx_HAL_Driver/Src/stm32wbxx_hal_rcc.o
 .debug_macro   0x0000000000022ada      0x286 ./Drivers/STM32WBxx_HAL_Driver/Src/stm32wbxx_hal_rcc_ex.o
 .debug_macro   0x0000000000022d60      0x239 ./Drivers/STM32WBxx_HAL_Driver/Src/stm32wbxx_hal_tim.o
 .debug_macro   0x0000000000022f99      0x23d ./Drivers/STM32WBxx_HAL_Driver/Src/stm32wbxx_hal_tim_ex.o

.debug_line     0x0000000000000000    0x15152
 .debug_line    0x0000000000000000      0xe53 ./Core/Src/main.o
 .debug_line    0x0000000000000e53      0xa76 ./Core/Src/stm32wbxx_hal_msp.o
 .debug_line    0x00000000000018c9      0x9fa ./Core/Src/stm32wbxx_it.o
 .debug_line    0x00000000000022c3      0x9a8 ./Core/Src/system_stm32wbxx.o
 .debug_line    0x0000000000002c6b       0x91 ./Core/Startup/startup_stm32wb55rgvx.o
 .debug_line    0x0000000000002cfc     0x118d ./Drivers/STM32WBxx_HAL_Driver/Src/stm32wbxx_hal.o
 .debug_line    0x0000000000003e89     0x1e6a ./Drivers/STM32WBxx_HAL_Driver/Src/stm32wbxx_hal_adc.o
 .debug_line    0x0000000000005cf3     0x171d ./Drivers/STM32WBxx_HAL_Driver/Src/stm32wbxx_hal_adc_ex.o
 .debug_line    0x0000000000007410      0xe57 ./Drivers/STM32WBxx_HAL_Driver/Src/stm32wbxx_hal_cortex.o
 .debug_line    0x0000000000008267     0x1067 ./Drivers/STM32WBxx_HAL_Driver/Src/stm32wbxx_hal_dma.o
 .debug_line    0x00000000000092ce      0xd38 ./Drivers/STM32WBxx_HAL_Driver/Src/stm32wbxx_hal_gpio.o
 .debug_line    0x000000000000a006      0xbb2 ./Drivers/STM32WBxx_HAL_Driver/Src/stm32wbxx_hal_pwr.o
 .debug_line    0x000000000000abb8     0x12f6 ./Drivers/STM32WBxx_HAL_Driver/Src/stm32wbxx_hal_pwr_ex.o
 .debug_line    0x000000000000beae     0x19a8 ./Drivers/STM32WBxx_HAL_Driver/Src/stm32wbxx_hal_rcc.o
 .debug_line    0x000000000000d856     0x1e2f ./Drivers/STM32WBxx_HAL_Driver/Src/stm32wbxx_hal_rcc_ex.o
 .debug_line    0x000000000000f685     0x3ce0 ./Drivers/STM32WBxx_HAL_Driver/Src/stm32wbxx_hal_tim.o
 .debug_line    0x0000000000013365     0x1ded ./Drivers/STM32WBxx_HAL_Driver/Src/stm32wbxx_hal_tim_ex.o

.debug_str      0x0000000000000000    0xe9419
 .debug_str     0x0000000000000000    0xe359c ./Core/Src/main.o
                                      0xe43ba (size before relaxing)
 .debug_str     0x00000000000e359c      0x120 ./Core/Src/stm32wbxx_hal_msp.o
                                      0xe0176 (size before relaxing)
 .debug_str     0x00000000000e36bc      0x118 ./Core/Src/stm32wbxx_it.o
                                      0xdf589 (size before relaxing)
 .debug_str     0x00000000000e37d4      0x105 ./Core/Src/system_stm32wbxx.o
                                      0xdf1c8 (size before relaxing)
 .debug_str     0x00000000000e38d9       0x36 ./Core/Startup/startup_stm32wb55rgvx.o
                                         0x61 (size before relaxing)
 .debug_str     0x00000000000e390f      0xa1e ./Drivers/STM32WBxx_HAL_Driver/Src/stm32wbxx_hal.o
                                      0xe00ae (size before relaxing)
 .debug_str     0x00000000000e432d      0xa09 ./Drivers/STM32WBxx_HAL_Driver/Src/stm32wbxx_hal_adc.o
                                      0xdfffc (size before relaxing)
 .debug_str     0x00000000000e4d36      0x545 ./Drivers/STM32WBxx_HAL_Driver/Src/stm32wbxx_hal_adc_ex.o
                                      0xdfe09 (size before relaxing)
 .debug_str     0x00000000000e527b      0x30f ./Drivers/STM32WBxx_HAL_Driver/Src/stm32wbxx_hal_cortex.o
                                      0xdf82e (size before relaxing)
 .debug_str     0x00000000000e558a      0x260 ./Drivers/STM32WBxx_HAL_Driver/Src/stm32wbxx_hal_dma.o
                                      0xdf490 (size before relaxing)
 .debug_str     0x00000000000e57ea      0x14c ./Drivers/STM32WBxx_HAL_Driver/Src/stm32wbxx_hal_gpio.o
                                      0xdf1a2 (size before relaxing)
 .debug_str     0x00000000000e5936      0x5c6 ./Drivers/STM32WBxx_HAL_Driver/Src/stm32wbxx_hal_pwr.o
                                      0xdf638 (size before relaxing)
 .debug_str     0x00000000000e5efc      0x816 ./Drivers/STM32WBxx_HAL_Driver/Src/stm32wbxx_hal_pwr_ex.o
                                      0xdfb39 (size before relaxing)
 .debug_str     0x00000000000e6712      0xb3f ./Drivers/STM32WBxx_HAL_Driver/Src/stm32wbxx_hal_rcc.o
                                      0xe0026 (size before relaxing)
 .debug_str     0x00000000000e7251      0xc98 ./Drivers/STM32WBxx_HAL_Driver/Src/stm32wbxx_hal_rcc_ex.o
                                      0xe044f (size before relaxing)
 .debug_str     0x00000000000e7ee9      0xdee ./Drivers/STM32WBxx_HAL_Driver/Src/stm32wbxx_hal_tim.o
                                      0xe0534 (size before relaxing)
 .debug_str     0x00000000000e8cd7      0x742 ./Drivers/STM32WBxx_HAL_Driver/Src/stm32wbxx_hal_tim_ex.o
                                      0xdffb6 (size before relaxing)

.comment        0x0000000000000000       0x50
 .comment       0x0000000000000000       0x50 ./Core/Src/main.o
                                         0x51 (size before relaxing)
 .comment       0x0000000000000050       0x51 ./Core/Src/stm32wbxx_hal_msp.o
 .comment       0x0000000000000050       0x51 ./Core/Src/stm32wbxx_it.o
 .comment       0x0000000000000050       0x51 ./Core/Src/system_stm32wbxx.o
 .comment       0x0000000000000050       0x51 ./Drivers/STM32WBxx_HAL_Driver/Src/stm32wbxx_hal.o
 .comment       0x0000000000000050       0x51 ./Drivers/STM32WBxx_HAL_Driver/Src/stm32wbxx_hal_adc.o
 .comment       0x0000000000000050       0x51 ./Drivers/STM32WBxx_HAL_Driver/Src/stm32wbxx_hal_adc_ex.o
 .comment       0x0000000000000050       0x51 ./Drivers/STM32WBxx_HAL_Driver/Src/stm32wbxx_hal_cortex.o
 .comment       0x0000000000000050       0x51 ./Drivers/STM32WBxx_HAL_Driver/Src/stm32wbxx_hal_dma.o
 .comment       0x0000000000000050       0x51 ./Drivers/STM32WBxx_HAL_Driver/Src/stm32wbxx_hal_gpio.o
 .comment       0x0000000000000050       0x51 ./Drivers/STM32WBxx_HAL_Driver/Src/stm32wbxx_hal_pwr.o
 .comment       0x0000000000000050       0x51 ./Drivers/STM32WBxx_HAL_Driver/Src/stm32wbxx_hal_pwr_ex.o
 .comment       0x0000000000000050       0x51 ./Drivers/STM32WBxx_HAL_Driver/Src/stm32wbxx_hal_rcc.o
 .comment       0x0000000000000050       0x51 ./Drivers/STM32WBxx_HAL_Driver/Src/stm32wbxx_hal_rcc_ex.o
 .comment       0x0000000000000050       0x51 ./Drivers/STM32WBxx_HAL_Driver/Src/stm32wbxx_hal_tim.o
 .comment       0x0000000000000050       0x51 ./Drivers/STM32WBxx_HAL_Driver/Src/stm32wbxx_hal_tim_ex.o

.debug_frame    0x0000000000000000     0x6974
 .debug_frame   0x0000000000000000      0x1ac ./Core/Src/main.o
 .debug_frame   0x00000000000001ac      0x184 ./Core/Src/stm32wbxx_hal_msp.o
 .debug_frame   0x0000000000000330      0x13c ./Core/Src/stm32wbxx_it.o
 .debug_frame   0x000000000000046c       0x58 ./Core/Src/system_stm32wbxx.o
 .debug_frame   0x00000000000004c4      0xa34 ./Drivers/STM32WBxx_HAL_Driver/Src/stm32wbxx_hal.o
 .debug_frame   0x0000000000000ef8      0x9d8 ./Drivers/STM32WBxx_HAL_Driver/Src/stm32wbxx_hal_adc.o
 .debug_frame   0x00000000000018d0      0x68c ./Drivers/STM32WBxx_HAL_Driver/Src/stm32wbxx_hal_adc_ex.o
 .debug_frame   0x0000000000001f5c      0x44c ./Drivers/STM32WBxx_HAL_Driver/Src/stm32wbxx_hal_cortex.o
 .debug_frame   0x00000000000023a8      0x24c ./Drivers/STM32WBxx_HAL_Driver/Src/stm32wbxx_hal_dma.o
 .debug_frame   0x00000000000025f4      0x174 ./Drivers/STM32WBxx_HAL_Driver/Src/stm32wbxx_hal_gpio.o
 .debug_frame   0x0000000000002768      0x344 ./Drivers/STM32WBxx_HAL_Driver/Src/stm32wbxx_hal_pwr.o
 .debug_frame   0x0000000000002aac      0xb00 ./Drivers/STM32WBxx_HAL_Driver/Src/stm32wbxx_hal_pwr_ex.o
 .debug_frame   0x00000000000035ac      0xa0c ./Drivers/STM32WBxx_HAL_Driver/Src/stm32wbxx_hal_rcc.o
 .debug_frame   0x0000000000003fb8      0xf38 ./Drivers/STM32WBxx_HAL_Driver/Src/stm32wbxx_hal_rcc_ex.o
 .debug_frame   0x0000000000004ef0     0x121c ./Drivers/STM32WBxx_HAL_Driver/Src/stm32wbxx_hal_tim.o
 .debug_frame   0x000000000000610c      0x6fc ./Drivers/STM32WBxx_HAL_Driver/Src/stm32wbxx_hal_tim_ex.o
 .debug_frame   0x0000000000006808       0x2c c:/users/owenc/.eclipse/com.st.stm32cube.ide.mcu.rcp.product_1.11.2_353793806_win32_win32_x86_64/plugins/com.st.stm32cube.ide.mcu.externaltools.gnu-tools-for-stm32.10.3-2021.10.win32_1.0.200.202301161003/tools/bin/../lib/gcc/arm-none-eabi/10.3.1/../../../../arm-none-eabi/lib/thumb/v7e-m+fp/hard\libc_nano.a(lib_a-init.o)
 .debug_frame   0x0000000000006834       0x20 c:/users/owenc/.eclipse/com.st.stm32cube.ide.mcu.rcp.product_1.11.2_353793806_win32_win32_x86_64/plugins/com.st.stm32cube.ide.mcu.externaltools.gnu-tools-for-stm32.10.3-2021.10.win32_1.0.200.202301161003/tools/bin/../lib/gcc/arm-none-eabi/10.3.1/../../../../arm-none-eabi/lib/thumb/v7e-m+fp/hard\libc_nano.a(lib_a-memset.o)
 .debug_frame   0x0000000000006854       0xac c:/users/owenc/.eclipse/com.st.stm32cube.ide.mcu.rcp.product_1.11.2_353793806_win32_win32_x86_64/plugins/com.st.stm32cube.ide.mcu.externaltools.gnu-tools-for-stm32.10.3-2021.10.win32_1.0.200.202301161003/tools/bin/../lib/gcc/arm-none-eabi/10.3.1/thumb/v7e-m+fp/hard\libgcc.a(_arm_addsubdf3.o)
 .debug_frame   0x0000000000006900       0x50 c:/users/owenc/.eclipse/com.st.stm32cube.ide.mcu.rcp.product_1.11.2_353793806_win32_win32_x86_64/plugins/com.st.stm32cube.ide.mcu.externaltools.gnu-tools-for-stm32.10.3-2021.10.win32_1.0.200.202301161003/tools/bin/../lib/gcc/arm-none-eabi/10.3.1/thumb/v7e-m+fp/hard\libgcc.a(_arm_muldivdf3.o)
 .debug_frame   0x0000000000006950       0x24 c:/users/owenc/.eclipse/com.st.stm32cube.ide.mcu.rcp.product_1.11.2_353793806_win32_win32_x86_64/plugins/com.st.stm32cube.ide.mcu.externaltools.gnu-tools-for-stm32.10.3-2021.10.win32_1.0.200.202301161003/tools/bin/../lib/gcc/arm-none-eabi/10.3.1/thumb/v7e-m+fp/hard\libgcc.a(_arm_truncdfsf2.o)
