../Drivers/STM32WBxx_HAL_Driver/Inc/stm32wbxx_ll_bus.h:364:22:LL_AHB1_GRP1_EnableClock	24	static
../Drivers/STM32WBxx_HAL_Driver/Inc/stm32wbxx_ll_bus.h:539:22:LL_AHB2_GRP1_EnableClock	24	static
../Core/Src/main.c:81:5:main	8	static
../Core/Src/main.c:134:6:SystemClock_Config	112	static
../Core/Src/main.c:188:6:PeriphCommonClock_Config	88	static
../Core/Src/main.c:212:13:MX_ADC1_Init	32	static
../Core/Src/main.c:301:13:MX_TIM2_Init	64	static
../Core/Src/main.c:358:13:MX_DMA_Init	8	static
../Core/Src/main.c:377:13:MX_GPIO_Init	32	static
../Core/Src/main.c:402:6:HAL_ADC_ConvHalfCpltCallback	24	static
../Core/Src/main.c:416:6:HAL_ADC_ConvCpltCallback	16	static
../Core/Src/main.c:425:6:Error_Handler	4	static,ignoring_inline_asm
